Archive member included because of file (symbol)

c:/users/dell/onedrive/desktop/avr_nti_videos/imt_sdk_win_64/winavr/bin/../lib/gcc/avr/4.3.3/avr5\libgcc.a(_mulsi3.o)
                              ./HAL/LM35/LM35_prog.o (__mulsi3)
c:/users/dell/onedrive/desktop/avr_nti_videos/imt_sdk_win_64/winavr/bin/../lib/gcc/avr/4.3.3/avr5\libgcc.a(_udivmodhi4.o)
                              ./HAL/LM35/LM35_prog.o (__udivmodhi4)
c:/users/dell/onedrive/desktop/avr_nti_videos/imt_sdk_win_64/winavr/bin/../lib/gcc/avr/4.3.3/avr5\libgcc.a(_divmodsi4.o)
                              ./HAL/LCD/LCD_prog.o (__divmodsi4)
c:/users/dell/onedrive/desktop/avr_nti_videos/imt_sdk_win_64/winavr/bin/../lib/gcc/avr/4.3.3/avr5\libgcc.a(_exit.o)
                              c:/users/dell/onedrive/desktop/avr_nti_videos/imt_sdk_win_64/winavr/bin/../lib/gcc/avr/4.3.3/../../../../avr/lib/avr5/crtm32.o (exit)
c:/users/dell/onedrive/desktop/avr_nti_videos/imt_sdk_win_64/winavr/bin/../lib/gcc/avr/4.3.3/avr5\libgcc.a(_copy_data.o)
                              ./MCAL/EXTI/EXTI_config.o (__do_copy_data)
c:/users/dell/onedrive/desktop/avr_nti_videos/imt_sdk_win_64/winavr/bin/../lib/gcc/avr/4.3.3/avr5\libgcc.a(_clear_bss.o)
                              ./MCAL/EXTI/EXTI_prog.o (__do_clear_bss)
c:/users/dell/onedrive/desktop/avr_nti_videos/imt_sdk_win_64/winavr/bin/../lib/gcc/avr/4.3.3/avr5\libgcc.a(_lshrdi3.o)
                              ./HAL/LCD/LCD_prog.o (__lshrdi3)
c:/users/dell/onedrive/desktop/avr_nti_videos/imt_sdk_win_64/winavr/bin/../lib/gcc/avr/4.3.3/avr5\libgcc.a(_ashldi3.o)
                              ./HAL/LCD/LCD_prog.o (__ashldi3)
c:/users/dell/onedrive/desktop/avr_nti_videos/imt_sdk_win_64/winavr/bin/../lib/gcc/avr/4.3.3/avr5\libgcc.a(_fixunssfsi.o)
                              ./HAL/LCD/LCD_prog.o (__fixunssfsi)
c:/users/dell/onedrive/desktop/avr_nti_videos/imt_sdk_win_64/winavr/bin/../lib/gcc/avr/4.3.3/avr5\libgcc.a(_addsub_sf.o)
                              ./HAL/LCD/LCD_prog.o (__subsf3)
c:/users/dell/onedrive/desktop/avr_nti_videos/imt_sdk_win_64/winavr/bin/../lib/gcc/avr/4.3.3/avr5\libgcc.a(_mul_sf.o)
                              ./HAL/LCD/LCD_prog.o (__mulsf3)
c:/users/dell/onedrive/desktop/avr_nti_videos/imt_sdk_win_64/winavr/bin/../lib/gcc/avr/4.3.3/avr5\libgcc.a(_eq_sf.o)
                              ./HAL/LCD/LCD_prog.o (__eqsf2)
c:/users/dell/onedrive/desktop/avr_nti_videos/imt_sdk_win_64/winavr/bin/../lib/gcc/avr/4.3.3/avr5\libgcc.a(_ne_sf.o)
                              ./HAL/LCD/LCD_prog.o (__nesf2)
c:/users/dell/onedrive/desktop/avr_nti_videos/imt_sdk_win_64/winavr/bin/../lib/gcc/avr/4.3.3/avr5\libgcc.a(_gt_sf.o)
                              ./HAL/LCD/LCD_prog.o (__gtsf2)
c:/users/dell/onedrive/desktop/avr_nti_videos/imt_sdk_win_64/winavr/bin/../lib/gcc/avr/4.3.3/avr5\libgcc.a(_ge_sf.o)
                              c:/users/dell/onedrive/desktop/avr_nti_videos/imt_sdk_win_64/winavr/bin/../lib/gcc/avr/4.3.3/avr5\libgcc.a(_fixunssfsi.o) (__gesf2)
c:/users/dell/onedrive/desktop/avr_nti_videos/imt_sdk_win_64/winavr/bin/../lib/gcc/avr/4.3.3/avr5\libgcc.a(_lt_sf.o)
                              ./HAL/LCD/LCD_prog.o (__ltsf2)
c:/users/dell/onedrive/desktop/avr_nti_videos/imt_sdk_win_64/winavr/bin/../lib/gcc/avr/4.3.3/avr5\libgcc.a(_si_to_sf.o)
                              ./HAL/LCD/LCD_prog.o (__floatsisf)
c:/users/dell/onedrive/desktop/avr_nti_videos/imt_sdk_win_64/winavr/bin/../lib/gcc/avr/4.3.3/avr5\libgcc.a(_sf_to_si.o)
                              ./HAL/LCD/LCD_prog.o (__fixsfsi)
c:/users/dell/onedrive/desktop/avr_nti_videos/imt_sdk_win_64/winavr/bin/../lib/gcc/avr/4.3.3/avr5\libgcc.a(_thenan_sf.o)
                              c:/users/dell/onedrive/desktop/avr_nti_videos/imt_sdk_win_64/winavr/bin/../lib/gcc/avr/4.3.3/avr5\libgcc.a(_addsub_sf.o) (__thenan_sf)
c:/users/dell/onedrive/desktop/avr_nti_videos/imt_sdk_win_64/winavr/bin/../lib/gcc/avr/4.3.3/avr5\libgcc.a(_usi_to_sf.o)
                              ./HAL/LCD/LCD_prog.o (__floatunsisf)
c:/users/dell/onedrive/desktop/avr_nti_videos/imt_sdk_win_64/winavr/bin/../lib/gcc/avr/4.3.3/avr5\libgcc.a(_udivmodsi4.o)
                              c:/users/dell/onedrive/desktop/avr_nti_videos/imt_sdk_win_64/winavr/bin/../lib/gcc/avr/4.3.3/avr5\libgcc.a(_divmodsi4.o) (__udivmodsi4)
c:/users/dell/onedrive/desktop/avr_nti_videos/imt_sdk_win_64/winavr/bin/../lib/gcc/avr/4.3.3/avr5\libgcc.a(_prologue.o)
                              c:/users/dell/onedrive/desktop/avr_nti_videos/imt_sdk_win_64/winavr/bin/../lib/gcc/avr/4.3.3/avr5\libgcc.a(_addsub_sf.o) (__prologue_saves__)
c:/users/dell/onedrive/desktop/avr_nti_videos/imt_sdk_win_64/winavr/bin/../lib/gcc/avr/4.3.3/avr5\libgcc.a(_epilogue.o)
                              c:/users/dell/onedrive/desktop/avr_nti_videos/imt_sdk_win_64/winavr/bin/../lib/gcc/avr/4.3.3/avr5\libgcc.a(_addsub_sf.o) (__epilogue_restores__)
c:/users/dell/onedrive/desktop/avr_nti_videos/imt_sdk_win_64/winavr/bin/../lib/gcc/avr/4.3.3/avr5\libgcc.a(_clzsi2.o)
                              c:/users/dell/onedrive/desktop/avr_nti_videos/imt_sdk_win_64/winavr/bin/../lib/gcc/avr/4.3.3/avr5\libgcc.a(_si_to_sf.o) (__clzsi2)
c:/users/dell/onedrive/desktop/avr_nti_videos/imt_sdk_win_64/winavr/bin/../lib/gcc/avr/4.3.3/avr5\libgcc.a(_pack_sf.o)
                              c:/users/dell/onedrive/desktop/avr_nti_videos/imt_sdk_win_64/winavr/bin/../lib/gcc/avr/4.3.3/avr5\libgcc.a(_addsub_sf.o) (__pack_f)
c:/users/dell/onedrive/desktop/avr_nti_videos/imt_sdk_win_64/winavr/bin/../lib/gcc/avr/4.3.3/avr5\libgcc.a(_unpack_sf.o)
                              c:/users/dell/onedrive/desktop/avr_nti_videos/imt_sdk_win_64/winavr/bin/../lib/gcc/avr/4.3.3/avr5\libgcc.a(_addsub_sf.o) (__unpack_f)
c:/users/dell/onedrive/desktop/avr_nti_videos/imt_sdk_win_64/winavr/bin/../lib/gcc/avr/4.3.3/avr5\libgcc.a(_fpcmp_parts_sf.o)
                              c:/users/dell/onedrive/desktop/avr_nti_videos/imt_sdk_win_64/winavr/bin/../lib/gcc/avr/4.3.3/avr5\libgcc.a(_eq_sf.o) (__fpcmp_parts_f)
c:/users/dell/onedrive/desktop/avr_nti_videos/imt_sdk_win_64/winavr/bin/../lib/gcc/avr/4.3.3/avr5\libgcc.a(_clz.o)
                              c:/users/dell/onedrive/desktop/avr_nti_videos/imt_sdk_win_64/winavr/bin/../lib/gcc/avr/4.3.3/avr5\libgcc.a(_clzsi2.o) (__clz_tab)
c:/users/dell/onedrive/desktop/avr_nti_videos/imt_sdk_win_64/winavr/bin/../lib/gcc/avr/4.3.3/../../../../avr/lib/avr5\libc.a(strlen.o)
                              ./HAL/LCD/LCD_prog.o (strlen)

Allocating common symbols
Common symbol       size              file

Temp                0x1               ./APP/ADC_Test/ADC_Test.o

Memory Configuration

Name             Origin             Length             Attributes
text             0x00000000         0x00020000         xr
data             0x00800060         0x0000ffa0         rw !x
eeprom           0x00810000         0x00010000         rw !x
fuse             0x00820000         0x00000400         rw !x
lock             0x00830000         0x00000400         rw !x
signature        0x00840000         0x00000400         rw !x
*default*        0x00000000         0xffffffff

Linker script and memory map

LOAD c:/users/dell/onedrive/desktop/avr_nti_videos/imt_sdk_win_64/winavr/bin/../lib/gcc/avr/4.3.3/../../../../avr/lib/avr5/crtm32.o
LOAD ./MCAL/EXTI/GIE/GIE_prog.o
LOAD ./MCAL/EXTI/EXTI_config.o
LOAD ./MCAL/EXTI/EXTI_prog.o
LOAD ./MCAL/DIO/DIO_prog.o
LOAD ./MCAL/ADC/ADC_prog.o
LOAD ./HAL/Switch/Switch_config.o
LOAD ./HAL/Switch/Switch_prog.o
LOAD ./HAL/SevenSegment/SevenSegment_PreCompile/Seven_Segment_prog.o
LOAD ./HAL/LM35/LM35_prog.o
LOAD ./HAL/LED/LED_config.o
LOAD ./HAL/LED/LED_prog.o
LOAD ./HAL/LCD/LCD_prog.o
LOAD ./HAL/KeyPad/Keypad_prog.o
LOAD ./APP/EXIT_Test/EXIT_Test.o
LOAD ./APP/ADC_Test/ADC_Test.o
LOAD ./APP/main.o
LOAD c:/users/dell/onedrive/desktop/avr_nti_videos/imt_sdk_win_64/winavr/bin/../lib/gcc/avr/4.3.3/avr5\libgcc.a
LOAD c:/users/dell/onedrive/desktop/avr_nti_videos/imt_sdk_win_64/winavr/bin/../lib/gcc/avr/4.3.3/../../../../avr/lib/avr5\libc.a
LOAD c:/users/dell/onedrive/desktop/avr_nti_videos/imt_sdk_win_64/winavr/bin/../lib/gcc/avr/4.3.3/avr5\libgcc.a

.hash
 *(.hash)

.dynsym
 *(.dynsym)

.dynstr
 *(.dynstr)

.gnu.version
 *(.gnu.version)

.gnu.version_d
 *(.gnu.version_d)

.gnu.version_r
 *(.gnu.version_r)

.rel.init
 *(.rel.init)

.rela.init
 *(.rela.init)

.rel.text
 *(.rel.text)
 *(.rel.text.*)
 *(.rel.gnu.linkonce.t*)

.rela.text
 *(.rela.text)
 *(.rela.text.*)
 *(.rela.gnu.linkonce.t*)

.rel.fini
 *(.rel.fini)

.rela.fini
 *(.rela.fini)

.rel.rodata
 *(.rel.rodata)
 *(.rel.rodata.*)
 *(.rel.gnu.linkonce.r*)

.rela.rodata
 *(.rela.rodata)
 *(.rela.rodata.*)
 *(.rela.gnu.linkonce.r*)

.rel.data
 *(.rel.data)
 *(.rel.data.*)
 *(.rel.gnu.linkonce.d*)

.rela.data
 *(.rela.data)
 *(.rela.data.*)
 *(.rela.gnu.linkonce.d*)

.rel.ctors
 *(.rel.ctors)

.rela.ctors
 *(.rela.ctors)

.rel.dtors
 *(.rel.dtors)

.rela.dtors
 *(.rela.dtors)

.rel.got
 *(.rel.got)

.rela.got
 *(.rela.got)

.rel.bss
 *(.rel.bss)

.rela.bss
 *(.rela.bss)

.rel.plt
 *(.rel.plt)

.rela.plt
 *(.rela.plt)

.text           0x00000000     0x61e6
 *(.vectors)
 .vectors       0x00000000       0x54 c:/users/dell/onedrive/desktop/avr_nti_videos/imt_sdk_win_64/winavr/bin/../lib/gcc/avr/4.3.3/../../../../avr/lib/avr5/crtm32.o
                0x00000000                __vectors
                0x00000000                __vector_default
 *(.vectors)
 *(.progmem.gcc*)
 *(.progmem*)
                0x00000054                . = ALIGN (0x2)
                0x00000054                __trampolines_start = .
 *(.trampolines)
 .trampolines   0x00000054        0x0 linker stubs
 *(.trampolines*)
                0x00000054                __trampolines_end = .
 *(.jumptables)
 *(.jumptables*)
 *(.lowtext)
 *(.lowtext*)
                0x00000054                __ctors_start = .
 *(.ctors)
                0x00000054                __ctors_end = .
                0x00000054                __dtors_start = .
 *(.dtors)
                0x00000054                __dtors_end = .
 SORT(*)(.ctors)
 SORT(*)(.dtors)
 *(.init0)
 .init0         0x00000054        0x0 c:/users/dell/onedrive/desktop/avr_nti_videos/imt_sdk_win_64/winavr/bin/../lib/gcc/avr/4.3.3/../../../../avr/lib/avr5/crtm32.o
                0x00000054                __init
 *(.init0)
 *(.init1)
 *(.init1)
 *(.init2)
 .init2         0x00000054        0xc c:/users/dell/onedrive/desktop/avr_nti_videos/imt_sdk_win_64/winavr/bin/../lib/gcc/avr/4.3.3/../../../../avr/lib/avr5/crtm32.o
 *(.init2)
 *(.init3)
 *(.init3)
 *(.init4)
 .init4         0x00000060       0x16 c:/users/dell/onedrive/desktop/avr_nti_videos/imt_sdk_win_64/winavr/bin/../lib/gcc/avr/4.3.3/avr5\libgcc.a(_copy_data.o)
                0x00000060                __do_copy_data
 .init4         0x00000076       0x10 c:/users/dell/onedrive/desktop/avr_nti_videos/imt_sdk_win_64/winavr/bin/../lib/gcc/avr/4.3.3/avr5\libgcc.a(_clear_bss.o)
                0x00000076                __do_clear_bss
 *(.init4)
 *(.init5)
 *(.init5)
 *(.init6)
 *(.init6)
 *(.init7)
 *(.init7)
 *(.init8)
 *(.init8)
 *(.init9)
 .init9         0x00000086        0x8 c:/users/dell/onedrive/desktop/avr_nti_videos/imt_sdk_win_64/winavr/bin/../lib/gcc/avr/4.3.3/../../../../avr/lib/avr5/crtm32.o
 *(.init9)
 *(.text)
 .text          0x0000008e        0x4 c:/users/dell/onedrive/desktop/avr_nti_videos/imt_sdk_win_64/winavr/bin/../lib/gcc/avr/4.3.3/../../../../avr/lib/avr5/crtm32.o
                0x0000008e                __vector_12
                0x0000008e                __bad_interrupt
                0x0000008e                __vector_6
                0x0000008e                __vector_11
                0x0000008e                __vector_13
                0x0000008e                __vector_17
                0x0000008e                __vector_19
                0x0000008e                __vector_7
                0x0000008e                __vector_5
                0x0000008e                __vector_4
                0x0000008e                __vector_9
                0x0000008e                __vector_15
                0x0000008e                __vector_8
                0x0000008e                __vector_14
                0x0000008e                __vector_10
                0x0000008e                __vector_18
                0x0000008e                __vector_20
 .text          0x00000092        0x0 ./MCAL/EXTI/GIE/GIE_prog.o
 .text          0x00000092        0x0 ./MCAL/EXTI/EXTI_config.o
 .text          0x00000092        0x0 ./MCAL/EXTI/EXTI_prog.o
 .text          0x00000092        0x0 ./MCAL/DIO/DIO_prog.o
 .text          0x00000092        0x0 ./MCAL/ADC/ADC_prog.o
 .text          0x00000092        0x0 ./HAL/Switch/Switch_config.o
 .text          0x00000092        0x0 ./HAL/Switch/Switch_prog.o
 .text          0x00000092        0x0 ./HAL/SevenSegment/SevenSegment_PreCompile/Seven_Segment_prog.o
 .text          0x00000092        0x0 ./HAL/LM35/LM35_prog.o
 .text          0x00000092        0x0 ./HAL/LED/LED_config.o
 .text          0x00000092        0x0 ./HAL/LED/LED_prog.o
 .text          0x00000092        0x0 ./HAL/LCD/LCD_prog.o
 .text          0x00000092        0x0 ./HAL/KeyPad/Keypad_prog.o
 .text          0x00000092        0x0 ./APP/EXIT_Test/EXIT_Test.o
 .text          0x00000092        0x0 ./APP/ADC_Test/ADC_Test.o
 .text          0x00000092        0x0 ./APP/main.o
 .text          0x00000092        0x0 c:/users/dell/onedrive/desktop/avr_nti_videos/imt_sdk_win_64/winavr/bin/../lib/gcc/avr/4.3.3/avr5\libgcc.a(_mulsi3.o)
 .text          0x00000092        0x0 c:/users/dell/onedrive/desktop/avr_nti_videos/imt_sdk_win_64/winavr/bin/../lib/gcc/avr/4.3.3/avr5\libgcc.a(_udivmodhi4.o)
 .text          0x00000092        0x0 c:/users/dell/onedrive/desktop/avr_nti_videos/imt_sdk_win_64/winavr/bin/../lib/gcc/avr/4.3.3/avr5\libgcc.a(_divmodsi4.o)
 .text          0x00000092        0x0 c:/users/dell/onedrive/desktop/avr_nti_videos/imt_sdk_win_64/winavr/bin/../lib/gcc/avr/4.3.3/avr5\libgcc.a(_exit.o)
 .text          0x00000092        0x0 c:/users/dell/onedrive/desktop/avr_nti_videos/imt_sdk_win_64/winavr/bin/../lib/gcc/avr/4.3.3/avr5\libgcc.a(_copy_data.o)
 .text          0x00000092        0x0 c:/users/dell/onedrive/desktop/avr_nti_videos/imt_sdk_win_64/winavr/bin/../lib/gcc/avr/4.3.3/avr5\libgcc.a(_clear_bss.o)
 .text          0x00000092       0xfe c:/users/dell/onedrive/desktop/avr_nti_videos/imt_sdk_win_64/winavr/bin/../lib/gcc/avr/4.3.3/avr5\libgcc.a(_lshrdi3.o)
                0x00000092                __lshrdi3
 .text          0x00000190       0xfe c:/users/dell/onedrive/desktop/avr_nti_videos/imt_sdk_win_64/winavr/bin/../lib/gcc/avr/4.3.3/avr5\libgcc.a(_ashldi3.o)
                0x00000190                __ashldi3
 .text          0x0000028e       0x58 c:/users/dell/onedrive/desktop/avr_nti_videos/imt_sdk_win_64/winavr/bin/../lib/gcc/avr/4.3.3/avr5\libgcc.a(_fixunssfsi.o)
                0x0000028e                __fixunssfsi
 .text          0x000002e6      0x354 c:/users/dell/onedrive/desktop/avr_nti_videos/imt_sdk_win_64/winavr/bin/../lib/gcc/avr/4.3.3/avr5\libgcc.a(_addsub_sf.o)
                0x0000057e                __subsf3
                0x000005e0                __addsf3
 .text          0x0000063a      0x1f4 c:/users/dell/onedrive/desktop/avr_nti_videos/imt_sdk_win_64/winavr/bin/../lib/gcc/avr/4.3.3/avr5\libgcc.a(_mul_sf.o)
                0x0000063a                __mulsf3
 .text          0x0000082e       0x60 c:/users/dell/onedrive/desktop/avr_nti_videos/imt_sdk_win_64/winavr/bin/../lib/gcc/avr/4.3.3/avr5\libgcc.a(_eq_sf.o)
                0x0000082e                __eqsf2
 .text          0x0000088e       0x60 c:/users/dell/onedrive/desktop/avr_nti_videos/imt_sdk_win_64/winavr/bin/../lib/gcc/avr/4.3.3/avr5\libgcc.a(_ne_sf.o)
                0x0000088e                __nesf2
 .text          0x000008ee       0x60 c:/users/dell/onedrive/desktop/avr_nti_videos/imt_sdk_win_64/winavr/bin/../lib/gcc/avr/4.3.3/avr5\libgcc.a(_gt_sf.o)
                0x000008ee                __gtsf2
 .text          0x0000094e       0x60 c:/users/dell/onedrive/desktop/avr_nti_videos/imt_sdk_win_64/winavr/bin/../lib/gcc/avr/4.3.3/avr5\libgcc.a(_ge_sf.o)
                0x0000094e                __gesf2
 .text          0x000009ae       0x60 c:/users/dell/onedrive/desktop/avr_nti_videos/imt_sdk_win_64/winavr/bin/../lib/gcc/avr/4.3.3/avr5\libgcc.a(_lt_sf.o)
                0x000009ae                __ltsf2
 .text          0x00000a0e       0xbc c:/users/dell/onedrive/desktop/avr_nti_videos/imt_sdk_win_64/winavr/bin/../lib/gcc/avr/4.3.3/avr5\libgcc.a(_si_to_sf.o)
                0x00000a0e                __floatsisf
 .text          0x00000aca       0xa8 c:/users/dell/onedrive/desktop/avr_nti_videos/imt_sdk_win_64/winavr/bin/../lib/gcc/avr/4.3.3/avr5\libgcc.a(_sf_to_si.o)
                0x00000aca                __fixsfsi
 .text          0x00000b72        0x0 c:/users/dell/onedrive/desktop/avr_nti_videos/imt_sdk_win_64/winavr/bin/../lib/gcc/avr/4.3.3/avr5\libgcc.a(_thenan_sf.o)
 .text          0x00000b72       0xf2 c:/users/dell/onedrive/desktop/avr_nti_videos/imt_sdk_win_64/winavr/bin/../lib/gcc/avr/4.3.3/avr5\libgcc.a(_usi_to_sf.o)
                0x00000b72                __floatunsisf
 .text          0x00000c64        0x0 c:/users/dell/onedrive/desktop/avr_nti_videos/imt_sdk_win_64/winavr/bin/../lib/gcc/avr/4.3.3/avr5\libgcc.a(_udivmodsi4.o)
 .text          0x00000c64        0x0 c:/users/dell/onedrive/desktop/avr_nti_videos/imt_sdk_win_64/winavr/bin/../lib/gcc/avr/4.3.3/avr5\libgcc.a(_prologue.o)
 .text          0x00000c64        0x0 c:/users/dell/onedrive/desktop/avr_nti_videos/imt_sdk_win_64/winavr/bin/../lib/gcc/avr/4.3.3/avr5\libgcc.a(_epilogue.o)
 .text          0x00000c64       0x9e c:/users/dell/onedrive/desktop/avr_nti_videos/imt_sdk_win_64/winavr/bin/../lib/gcc/avr/4.3.3/avr5\libgcc.a(_clzsi2.o)
                0x00000c64                __clzsi2
 .text          0x00000d02      0x1aa c:/users/dell/onedrive/desktop/avr_nti_videos/imt_sdk_win_64/winavr/bin/../lib/gcc/avr/4.3.3/avr5\libgcc.a(_pack_sf.o)
                0x00000d02                __pack_f
 .text          0x00000eac       0xf0 c:/users/dell/onedrive/desktop/avr_nti_videos/imt_sdk_win_64/winavr/bin/../lib/gcc/avr/4.3.3/avr5\libgcc.a(_unpack_sf.o)
                0x00000eac                __unpack_f
 .text          0x00000f9c       0xb2 c:/users/dell/onedrive/desktop/avr_nti_videos/imt_sdk_win_64/winavr/bin/../lib/gcc/avr/4.3.3/avr5\libgcc.a(_fpcmp_parts_sf.o)
                0x00000f9c                __fpcmp_parts_f
 .text          0x0000104e        0x0 c:/users/dell/onedrive/desktop/avr_nti_videos/imt_sdk_win_64/winavr/bin/../lib/gcc/avr/4.3.3/avr5\libgcc.a(_clz.o)
 .text          0x0000104e        0x0 c:/users/dell/onedrive/desktop/avr_nti_videos/imt_sdk_win_64/winavr/bin/../lib/gcc/avr/4.3.3/../../../../avr/lib/avr5\libc.a(strlen.o)
                0x0000104e                . = ALIGN (0x2)
 *(.text.*)
 .text.GIE_VoidEnable
                0x0000104e       0x1c ./MCAL/EXTI/GIE/GIE_prog.o
                0x0000104e                GIE_VoidEnable
 .text.GIE_VoidDisable
                0x0000106a       0x1c ./MCAL/EXTI/GIE/GIE_prog.o
                0x0000106a                GIE_VoidDisable
 .text.EXTI_enuInit
                0x00001086      0x236 ./MCAL/EXTI/EXTI_prog.o
                0x00001086                EXTI_enuInit
 .text.EXTI_enuSetSignalLatch
                0x000012bc      0x21c ./MCAL/EXTI/EXTI_prog.o
                0x000012bc                EXTI_enuSetSignalLatch
 .text.EXTI_enuEnableInterrupt
                0x000014d8       0x7a ./MCAL/EXTI/EXTI_prog.o
                0x000014d8                EXTI_enuEnableInterrupt
 .text.EXTI_enuDisableInterrupt
                0x00001552       0x7a ./MCAL/EXTI/EXTI_prog.o
                0x00001552                EXTI_enuDisableInterrupt
 .text.EXTI_enuClearFlag
                0x000015cc       0x7a ./MCAL/EXTI/EXTI_prog.o
                0x000015cc                EXTI_enuClearFlag
 .text.EXTI_u8GetFlag
                0x00001646       0x96 ./MCAL/EXTI/EXTI_prog.o
                0x00001646                EXTI_u8GetFlag
 .text.EXTI_enuSetCallBack
                0x000016dc       0x5e ./MCAL/EXTI/EXTI_prog.o
                0x000016dc                EXTI_enuSetCallBack
 .text.__vector_1
                0x0000173a       0x6c ./MCAL/EXTI/EXTI_prog.o
                0x0000173a                __vector_1
 .text.__vector_2
                0x000017a6       0x6c ./MCAL/EXTI/EXTI_prog.o
                0x000017a6                __vector_2
 .text.__vector_3
                0x00001812       0x6c ./MCAL/EXTI/EXTI_prog.o
                0x00001812                __vector_3
 .text.DIO_enuInit
                0x0000187e       0x54 ./MCAL/DIO/DIO_prog.o
                0x0000187e                DIO_enuInit
 .text.DIO_enuSetPortDirection
                0x000018d2       0x9a ./MCAL/DIO/DIO_prog.o
                0x000018d2                DIO_enuSetPortDirection
 .text.DIO_enuSetPortValue
                0x0000196c       0x9a ./MCAL/DIO/DIO_prog.o
                0x0000196c                DIO_enuSetPortValue
 .text.DIO_enuGetPortValue
                0x00001a06       0xbe ./MCAL/DIO/DIO_prog.o
                0x00001a06                DIO_enuGetPortValue
 .text.DIO_enuTogPort
                0x00001ac4       0xae ./MCAL/DIO/DIO_prog.o
                0x00001ac4                DIO_enuTogPort
 .text.DIO_enuSetPinDirection
                0x00001b72      0x1d8 ./MCAL/DIO/DIO_prog.o
                0x00001b72                DIO_enuSetPinDirection
 .text.DIO_enuSetPinValue
                0x00001d4a      0x1d8 ./MCAL/DIO/DIO_prog.o
                0x00001d4a                DIO_enuSetPinValue
 .text.DIO_enuGetPinValue
                0x00001f22      0x13c ./MCAL/DIO/DIO_prog.o
                0x00001f22                DIO_enuGetPinValue
 .text.DIO_enuTogPin
                0x0000205e      0x114 ./MCAL/DIO/DIO_prog.o
                0x0000205e                DIO_enuTogPin
 .text.ADC_enuInit
                0x00002172       0x78 ./MCAL/ADC/ADC_prog.o
                0x00002172                ADC_enuInit
 .text.ADC_enuEnable
                0x000021ea       0x24 ./MCAL/ADC/ADC_prog.o
                0x000021ea                ADC_enuEnable
 .text.ADC_enuDisable
                0x0000220e       0x24 ./MCAL/ADC/ADC_prog.o
                0x0000220e                ADC_enuDisable
 .text.ADC_enuInterruptEnable
                0x00002232       0x24 ./MCAL/ADC/ADC_prog.o
                0x00002232                ADC_enuInterruptEnable
 .text.ADC_enuInterruptDisable
                0x00002256       0x24 ./MCAL/ADC/ADC_prog.o
                0x00002256                ADC_enuInterruptDisable
 .text.ADC_enuSetPrescaler
                0x0000227a       0x44 ./MCAL/ADC/ADC_prog.o
                0x0000227a                ADC_enuSetPrescaler
 .text.ADC_enuGetReadSync
                0x000022be      0x124 ./MCAL/ADC/ADC_prog.o
                0x000022be                ADC_enuGetReadSync
 .text.ADC_enuStartConversionAsynch
                0x000023e2       0xae ./MCAL/ADC/ADC_prog.o
                0x000023e2                ADC_enuStartConversionAsynch
 .text.ADC_enuStartConversionChainAsynch
                0x00002490       0xfe ./MCAL/ADC/ADC_prog.o
                0x00002490                ADC_enuStartConversionChainAsynch
 .text.__vector_16
                0x0000258e      0x13e ./MCAL/ADC/ADC_prog.o
                0x0000258e                __vector_16
 .text.Switch_enuInit
                0x000026cc       0xfe ./HAL/Switch/Switch_prog.o
                0x000026cc                Switch_enuInit
 .text.Switch_enuGetStatus
                0x000027ca       0x5c ./HAL/Switch/Switch_prog.o
                0x000027ca                Switch_enuGetStatus
 .text.Seven_Segment_enuInit
                0x00002826      0x226 ./HAL/SevenSegment/SevenSegment_PreCompile/Seven_Segment_prog.o
                0x00002826                Seven_Segment_enuInit
 .text.Seven_Segment_enuDisplayNum
                0x00002a4c      0x2d2 ./HAL/SevenSegment/SevenSegment_PreCompile/Seven_Segment_prog.o
                0x00002a4c                Seven_Segment_enuDisplayNum
 .text.Seven_Segment_enuEnableCommon
                0x00002d1e       0x1a ./HAL/SevenSegment/SevenSegment_PreCompile/Seven_Segment_prog.o
                0x00002d1e                Seven_Segment_enuEnableCommon
 .text.Seven_Segment_enuDisableCommon
                0x00002d38       0x1a ./HAL/SevenSegment/SevenSegment_PreCompile/Seven_Segment_prog.o
                0x00002d38                Seven_Segment_enuDisableCommon
 .text.Seven_Segment_enuEnableDot
                0x00002d52       0x1a ./HAL/SevenSegment/SevenSegment_PreCompile/Seven_Segment_prog.o
                0x00002d52                Seven_Segment_enuEnableDot
 .text.Seven_Segment_enuDisableDot
                0x00002d6c       0x1a ./HAL/SevenSegment/SevenSegment_PreCompile/Seven_Segment_prog.o
                0x00002d6c                Seven_Segment_enuDisableDot
 .text.Seven_Segment_enuClear
                0x00002d86      0x226 ./HAL/SevenSegment/SevenSegment_PreCompile/Seven_Segment_prog.o
                0x00002d86                Seven_Segment_enuClear
 .text.LM35_u8GetTemp
                0x00002fac      0x10a ./HAL/LM35/LM35_prog.o
                0x00002fac                LM35_u8GetTemp
 .text.LED_enuInit
                0x000030b6      0x284 ./HAL/LED/LED_prog.o
                0x000030b6                LED_enuInit
 .text.LED_enuTrunOn
                0x0000333a       0x7a ./HAL/LED/LED_prog.o
                0x0000333a                LED_enuTrunOn
 .text.LED_enuTrunOff
                0x000033b4       0x7a ./HAL/LED/LED_prog.o
                0x000033b4                LED_enuTrunOff
 .text.LCD_enuInit
                0x0000342e      0xe62 ./HAL/LCD/LCD_prog.o
                0x0000342e                LCD_enuInit
 .text.LCD_enuLatch
                0x00004290      0x61a ./HAL/LCD/LCD_prog.o
 .text.LCD_enuDisplayString
                0x000048aa       0x82 ./HAL/LCD/LCD_prog.o
                0x000048aa                LCD_enuDisplayString
 .text.LCD_enuDisplayChar
                0x0000492c       0x32 ./HAL/LCD/LCD_prog.o
                0x0000492c                LCD_enuDisplayChar
 .text.LCD_enuClearDisplay
                0x0000495e       0x20 ./HAL/LCD/LCD_prog.o
                0x0000495e                LCD_enuClearDisplay
 .text.LCD_enuSendCommand
                0x0000497e       0x32 ./HAL/LCD/LCD_prog.o
                0x0000497e                LCD_enuSendCommand
 .text.LCD_inenuSendCommand
                0x000049b0       0x32 ./HAL/LCD/LCD_prog.o
 .text.LCD_enuSendExtraChar
                0x000049e2       0x98 ./HAL/LCD/LCD_prog.o
                0x000049e2                LCD_enuSendExtraChar
 .text.LCD_enuGoto
                0x00004a7a       0x52 ./HAL/LCD/LCD_prog.o
                0x00004a7a                LCD_enuGoto
 .text.LCD_enuWriteNumber
                0x00004acc      0x338 ./HAL/LCD/LCD_prog.o
                0x00004acc                LCD_enuWriteNumber
 .text.KPD_enuInit
                0x00004e04      0xab4 ./HAL/KeyPad/Keypad_prog.o
                0x00004e04                KPD_enuInit
 .text.KPD_enuGetPressedKey
                0x000058b8      0x1a4 ./HAL/KeyPad/Keypad_prog.o
                0x000058b8                KPD_enuGetPressedKey
 .text.APP_voidInit
                0x00005a5c       0x42 ./APP/EXIT_Test/EXIT_Test.o
                0x00005a5c                APP_voidInit
 .text.APP_voidProgram
                0x00005a9e       0x1c ./APP/EXIT_Test/EXIT_Test.o
                0x00005a9e                APP_voidProgram
 .text.APP_voidNormalMode
                0x00005aba       0x1e ./APP/EXIT_Test/EXIT_Test.o
                0x00005aba                APP_voidNormalMode
 .text.APP_voidPedestriansMODE
                0x00005ad8       0x2a ./APP/EXIT_Test/EXIT_Test.o
                0x00005ad8                APP_voidPedestriansMODE
 .text.INT0_ISR
                0x00005b02       0x12 ./APP/EXIT_Test/EXIT_Test.o
                0x00005b02                INT0_ISR
 .text.APP_voidYallowLed
                0x00005b14      0x22a ./APP/EXIT_Test/EXIT_Test.o
                0x00005b14                APP_voidYallowLed
 .text.APP_voidRedLed
                0x00005d3e      0x134 ./APP/EXIT_Test/EXIT_Test.o
                0x00005d3e                APP_voidRedLed
 .text.APP_voidGreenLed
                0x00005e72      0x134 ./APP/EXIT_Test/EXIT_Test.o
                0x00005e72                APP_voidGreenLed
 .text.ISR_ADC  0x00005fa6       0x36 ./APP/ADC_Test/ADC_Test.o
                0x00005fa6                ISR_ADC
 .text.ADC_Test
                0x00005fdc       0x90 ./APP/ADC_Test/ADC_Test.o
                0x00005fdc                ADC_Test
 .text.main     0x0000606c       0x16 ./APP/main.o
                0x0000606c                main
 .text.libgcc   0x00006082       0x3e c:/users/dell/onedrive/desktop/avr_nti_videos/imt_sdk_win_64/winavr/bin/../lib/gcc/avr/4.3.3/avr5\libgcc.a(_mulsi3.o)
                0x00006082                __mulsi3
 .text.libgcc   0x000060c0       0x28 c:/users/dell/onedrive/desktop/avr_nti_videos/imt_sdk_win_64/winavr/bin/../lib/gcc/avr/4.3.3/avr5\libgcc.a(_udivmodhi4.o)
                0x000060c0                __udivmodhi4
 .text.libgcc   0x000060e8       0x36 c:/users/dell/onedrive/desktop/avr_nti_videos/imt_sdk_win_64/winavr/bin/../lib/gcc/avr/4.3.3/avr5\libgcc.a(_divmodsi4.o)
                0x000060e8                __divmodsi4
 .text.libgcc   0x0000611e        0x0 c:/users/dell/onedrive/desktop/avr_nti_videos/imt_sdk_win_64/winavr/bin/../lib/gcc/avr/4.3.3/avr5\libgcc.a(_exit.o)
 .text.libgcc   0x0000611e        0x0 c:/users/dell/onedrive/desktop/avr_nti_videos/imt_sdk_win_64/winavr/bin/../lib/gcc/avr/4.3.3/avr5\libgcc.a(_copy_data.o)
 .text.libgcc   0x0000611e        0x0 c:/users/dell/onedrive/desktop/avr_nti_videos/imt_sdk_win_64/winavr/bin/../lib/gcc/avr/4.3.3/avr5\libgcc.a(_clear_bss.o)
 .text.libgcc   0x0000611e       0x44 c:/users/dell/onedrive/desktop/avr_nti_videos/imt_sdk_win_64/winavr/bin/../lib/gcc/avr/4.3.3/avr5\libgcc.a(_udivmodsi4.o)
                0x0000611e                __udivmodsi4
 .text.libgcc   0x00006162       0x38 c:/users/dell/onedrive/desktop/avr_nti_videos/imt_sdk_win_64/winavr/bin/../lib/gcc/avr/4.3.3/avr5\libgcc.a(_prologue.o)
                0x00006162                __prologue_saves__
 .text.libgcc   0x0000619a       0x36 c:/users/dell/onedrive/desktop/avr_nti_videos/imt_sdk_win_64/winavr/bin/../lib/gcc/avr/4.3.3/avr5\libgcc.a(_epilogue.o)
                0x0000619a                __epilogue_restores__
 .text.avr-libc
                0x000061d0       0x12 c:/users/dell/onedrive/desktop/avr_nti_videos/imt_sdk_win_64/winavr/bin/../lib/gcc/avr/4.3.3/../../../../avr/lib/avr5\libc.a(strlen.o)
                0x000061d0                strlen
                0x000061e2                . = ALIGN (0x2)
 *(.fini9)
 .fini9         0x000061e2        0x0 c:/users/dell/onedrive/desktop/avr_nti_videos/imt_sdk_win_64/winavr/bin/../lib/gcc/avr/4.3.3/avr5\libgcc.a(_exit.o)
                0x000061e2                exit
                0x000061e2                _exit
 *(.fini9)
 *(.fini8)
 *(.fini8)
 *(.fini7)
 *(.fini7)
 *(.fini6)
 *(.fini6)
 *(.fini5)
 *(.fini5)
 *(.fini4)
 *(.fini4)
 *(.fini3)
 *(.fini3)
 *(.fini2)
 *(.fini2)
 *(.fini1)
 *(.fini1)
 *(.fini0)
 .fini0         0x000061e2        0x4 c:/users/dell/onedrive/desktop/avr_nti_videos/imt_sdk_win_64/winavr/bin/../lib/gcc/avr/4.3.3/avr5\libgcc.a(_exit.o)
 *(.fini0)
                0x000061e6                _etext = .

.data           0x00800060      0x180 load address 0x000061e6
                0x00800060                PROVIDE (__data_start, .)
 *(.data)
 .data          0x00800060        0x0 c:/users/dell/onedrive/desktop/avr_nti_videos/imt_sdk_win_64/winavr/bin/../lib/gcc/avr/4.3.3/../../../../avr/lib/avr5/crtm32.o
 .data          0x00800060        0x0 ./MCAL/EXTI/GIE/GIE_prog.o
 .data          0x00800060        0x0 ./MCAL/EXTI/EXTI_config.o
 .data          0x00800060        0x0 ./MCAL/EXTI/EXTI_prog.o
 .data          0x00800060        0x0 ./MCAL/DIO/DIO_prog.o
 .data          0x00800060        0x0 ./MCAL/ADC/ADC_prog.o
 .data          0x00800060        0x0 ./HAL/Switch/Switch_config.o
 .data          0x00800060        0x0 ./HAL/Switch/Switch_prog.o
 .data          0x00800060        0x0 ./HAL/SevenSegment/SevenSegment_PreCompile/Seven_Segment_prog.o
 .data          0x00800060        0x0 ./HAL/LM35/LM35_prog.o
 .data          0x00800060        0x0 ./HAL/LED/LED_config.o
 .data          0x00800060        0x0 ./HAL/LED/LED_prog.o
 .data          0x00800060        0x0 ./HAL/LCD/LCD_prog.o
 .data          0x00800060        0x0 ./HAL/KeyPad/Keypad_prog.o
 .data          0x00800060        0x0 ./APP/EXIT_Test/EXIT_Test.o
 .data          0x00800060        0x0 ./APP/ADC_Test/ADC_Test.o
 .data          0x00800060        0x0 ./APP/main.o
 .data          0x00800060        0x0 c:/users/dell/onedrive/desktop/avr_nti_videos/imt_sdk_win_64/winavr/bin/../lib/gcc/avr/4.3.3/avr5\libgcc.a(_mulsi3.o)
 .data          0x00800060        0x0 c:/users/dell/onedrive/desktop/avr_nti_videos/imt_sdk_win_64/winavr/bin/../lib/gcc/avr/4.3.3/avr5\libgcc.a(_udivmodhi4.o)
 .data          0x00800060        0x0 c:/users/dell/onedrive/desktop/avr_nti_videos/imt_sdk_win_64/winavr/bin/../lib/gcc/avr/4.3.3/avr5\libgcc.a(_divmodsi4.o)
 .data          0x00800060        0x0 c:/users/dell/onedrive/desktop/avr_nti_videos/imt_sdk_win_64/winavr/bin/../lib/gcc/avr/4.3.3/avr5\libgcc.a(_exit.o)
 .data          0x00800060        0x0 c:/users/dell/onedrive/desktop/avr_nti_videos/imt_sdk_win_64/winavr/bin/../lib/gcc/avr/4.3.3/avr5\libgcc.a(_copy_data.o)
 .data          0x00800060        0x0 c:/users/dell/onedrive/desktop/avr_nti_videos/imt_sdk_win_64/winavr/bin/../lib/gcc/avr/4.3.3/avr5\libgcc.a(_clear_bss.o)
 .data          0x00800060        0x0 c:/users/dell/onedrive/desktop/avr_nti_videos/imt_sdk_win_64/winavr/bin/../lib/gcc/avr/4.3.3/avr5\libgcc.a(_lshrdi3.o)
 .data          0x00800060        0x0 c:/users/dell/onedrive/desktop/avr_nti_videos/imt_sdk_win_64/winavr/bin/../lib/gcc/avr/4.3.3/avr5\libgcc.a(_ashldi3.o)
 .data          0x00800060        0x0 c:/users/dell/onedrive/desktop/avr_nti_videos/imt_sdk_win_64/winavr/bin/../lib/gcc/avr/4.3.3/avr5\libgcc.a(_fixunssfsi.o)
 .data          0x00800060        0x0 c:/users/dell/onedrive/desktop/avr_nti_videos/imt_sdk_win_64/winavr/bin/../lib/gcc/avr/4.3.3/avr5\libgcc.a(_addsub_sf.o)
 .data          0x00800060        0x0 c:/users/dell/onedrive/desktop/avr_nti_videos/imt_sdk_win_64/winavr/bin/../lib/gcc/avr/4.3.3/avr5\libgcc.a(_mul_sf.o)
 .data          0x00800060        0x0 c:/users/dell/onedrive/desktop/avr_nti_videos/imt_sdk_win_64/winavr/bin/../lib/gcc/avr/4.3.3/avr5\libgcc.a(_eq_sf.o)
 .data          0x00800060        0x0 c:/users/dell/onedrive/desktop/avr_nti_videos/imt_sdk_win_64/winavr/bin/../lib/gcc/avr/4.3.3/avr5\libgcc.a(_ne_sf.o)
 .data          0x00800060        0x0 c:/users/dell/onedrive/desktop/avr_nti_videos/imt_sdk_win_64/winavr/bin/../lib/gcc/avr/4.3.3/avr5\libgcc.a(_gt_sf.o)
 .data          0x00800060        0x0 c:/users/dell/onedrive/desktop/avr_nti_videos/imt_sdk_win_64/winavr/bin/../lib/gcc/avr/4.3.3/avr5\libgcc.a(_ge_sf.o)
 .data          0x00800060        0x0 c:/users/dell/onedrive/desktop/avr_nti_videos/imt_sdk_win_64/winavr/bin/../lib/gcc/avr/4.3.3/avr5\libgcc.a(_lt_sf.o)
 .data          0x00800060        0x0 c:/users/dell/onedrive/desktop/avr_nti_videos/imt_sdk_win_64/winavr/bin/../lib/gcc/avr/4.3.3/avr5\libgcc.a(_si_to_sf.o)
 .data          0x00800060        0x0 c:/users/dell/onedrive/desktop/avr_nti_videos/imt_sdk_win_64/winavr/bin/../lib/gcc/avr/4.3.3/avr5\libgcc.a(_sf_to_si.o)
 .data          0x00800060        0x8 c:/users/dell/onedrive/desktop/avr_nti_videos/imt_sdk_win_64/winavr/bin/../lib/gcc/avr/4.3.3/avr5\libgcc.a(_thenan_sf.o)
                0x00800060                __thenan_sf
 .data          0x00800068        0x0 c:/users/dell/onedrive/desktop/avr_nti_videos/imt_sdk_win_64/winavr/bin/../lib/gcc/avr/4.3.3/avr5\libgcc.a(_usi_to_sf.o)
 .data          0x00800068        0x0 c:/users/dell/onedrive/desktop/avr_nti_videos/imt_sdk_win_64/winavr/bin/../lib/gcc/avr/4.3.3/avr5\libgcc.a(_udivmodsi4.o)
 .data          0x00800068        0x0 c:/users/dell/onedrive/desktop/avr_nti_videos/imt_sdk_win_64/winavr/bin/../lib/gcc/avr/4.3.3/avr5\libgcc.a(_prologue.o)
 .data          0x00800068        0x0 c:/users/dell/onedrive/desktop/avr_nti_videos/imt_sdk_win_64/winavr/bin/../lib/gcc/avr/4.3.3/avr5\libgcc.a(_epilogue.o)
 .data          0x00800068        0x0 c:/users/dell/onedrive/desktop/avr_nti_videos/imt_sdk_win_64/winavr/bin/../lib/gcc/avr/4.3.3/avr5\libgcc.a(_clzsi2.o)
 .data          0x00800068        0x0 c:/users/dell/onedrive/desktop/avr_nti_videos/imt_sdk_win_64/winavr/bin/../lib/gcc/avr/4.3.3/avr5\libgcc.a(_pack_sf.o)
 .data          0x00800068        0x0 c:/users/dell/onedrive/desktop/avr_nti_videos/imt_sdk_win_64/winavr/bin/../lib/gcc/avr/4.3.3/avr5\libgcc.a(_unpack_sf.o)
 .data          0x00800068        0x0 c:/users/dell/onedrive/desktop/avr_nti_videos/imt_sdk_win_64/winavr/bin/../lib/gcc/avr/4.3.3/avr5\libgcc.a(_fpcmp_parts_sf.o)
 .data          0x00800068      0x100 c:/users/dell/onedrive/desktop/avr_nti_videos/imt_sdk_win_64/winavr/bin/../lib/gcc/avr/4.3.3/avr5\libgcc.a(_clz.o)
                0x00800068                __clz_tab
 .data          0x00800168        0x0 c:/users/dell/onedrive/desktop/avr_nti_videos/imt_sdk_win_64/winavr/bin/../lib/gcc/avr/4.3.3/../../../../avr/lib/avr5\libc.a(strlen.o)
 *(.data*)
 .data.EXTI_AstrEXTIConfig
                0x00800168        0x6 ./MCAL/EXTI/EXTI_config.o
                0x00800168                EXTI_AstrEXTIConfig
 .data.Switch_AstrSwitchConfig
                0x0080016e        0x3 ./HAL/Switch/Switch_config.o
                0x0080016e                Switch_AstrSwitchConfig
 .data.Seven_Segment_Au8DisplayedNumbers
                0x00800171        0xa ./HAL/SevenSegment/SevenSegment_PreCompile/Seven_Segment_prog.o
                0x00800171                Seven_Segment_Au8DisplayedNumbers
 .data.LED_AstrLedConfig
                0x0080017b        0xc ./HAL/LED/LED_config.o
                0x0080017b                LED_AstrLedConfig
 .data.Local_Au8Digits.1729
                0x00800187       0x10 ./HAL/LCD/LCD_prog.o
 .data.Local_Au8Columns.1326
                0x00800197       0x14 ./HAL/KeyPad/Keypad_prog.o
 .data.Local_Au8Rows.1325
                0x008001ab        0x8 ./HAL/KeyPad/Keypad_prog.o
 .data.Local_Au8KPD.1324
                0x008001b3       0x28 ./HAL/KeyPad/Keypad_prog.o
 .data.Global_u8Mode
                0x008001db        0x1 ./APP/EXIT_Test/EXIT_Test.o
                0x008001db                Global_u8Mode
 *(.rodata)
 *(.rodata*)
 .rodata.C.1.1392
                0x008001dc        0x3 ./APP/ADC_Test/ADC_Test.o
 *(.gnu.linkonce.d*)
                0x008001e0                . = ALIGN (0x2)
 *fill*         0x008001df        0x1 00
                0x008001e0                _edata = .
                0x008001e0                PROVIDE (__data_end, .)

.bss            0x008001e0       0x1f
                0x008001e0                PROVIDE (__bss_start, .)
 *(.bss)
 .bss           0x008001e0        0x0 c:/users/dell/onedrive/desktop/avr_nti_videos/imt_sdk_win_64/winavr/bin/../lib/gcc/avr/4.3.3/../../../../avr/lib/avr5/crtm32.o
 .bss           0x008001e0        0x0 ./MCAL/EXTI/GIE/GIE_prog.o
 .bss           0x008001e0        0x0 ./MCAL/EXTI/EXTI_config.o
 .bss           0x008001e0        0x0 ./MCAL/EXTI/EXTI_prog.o
 .bss           0x008001e0        0x0 ./MCAL/DIO/DIO_prog.o
 .bss           0x008001e0        0x0 ./MCAL/ADC/ADC_prog.o
 .bss           0x008001e0        0x0 ./HAL/Switch/Switch_config.o
 .bss           0x008001e0        0x0 ./HAL/Switch/Switch_prog.o
 .bss           0x008001e0        0x0 ./HAL/SevenSegment/SevenSegment_PreCompile/Seven_Segment_prog.o
 .bss           0x008001e0        0x0 ./HAL/LM35/LM35_prog.o
 .bss           0x008001e0        0x0 ./HAL/LED/LED_config.o
 .bss           0x008001e0        0x0 ./HAL/LED/LED_prog.o
 .bss           0x008001e0        0x0 ./HAL/LCD/LCD_prog.o
 .bss           0x008001e0        0x0 ./HAL/KeyPad/Keypad_prog.o
 .bss           0x008001e0        0x0 ./APP/EXIT_Test/EXIT_Test.o
 .bss           0x008001e0        0x0 ./APP/ADC_Test/ADC_Test.o
 .bss           0x008001e0        0x0 ./APP/main.o
 .bss           0x008001e0        0x0 c:/users/dell/onedrive/desktop/avr_nti_videos/imt_sdk_win_64/winavr/bin/../lib/gcc/avr/4.3.3/avr5\libgcc.a(_mulsi3.o)
 .bss           0x008001e0        0x0 c:/users/dell/onedrive/desktop/avr_nti_videos/imt_sdk_win_64/winavr/bin/../lib/gcc/avr/4.3.3/avr5\libgcc.a(_udivmodhi4.o)
 .bss           0x008001e0        0x0 c:/users/dell/onedrive/desktop/avr_nti_videos/imt_sdk_win_64/winavr/bin/../lib/gcc/avr/4.3.3/avr5\libgcc.a(_divmodsi4.o)
 .bss           0x008001e0        0x0 c:/users/dell/onedrive/desktop/avr_nti_videos/imt_sdk_win_64/winavr/bin/../lib/gcc/avr/4.3.3/avr5\libgcc.a(_exit.o)
 .bss           0x008001e0        0x0 c:/users/dell/onedrive/desktop/avr_nti_videos/imt_sdk_win_64/winavr/bin/../lib/gcc/avr/4.3.3/avr5\libgcc.a(_copy_data.o)
 .bss           0x008001e0        0x0 c:/users/dell/onedrive/desktop/avr_nti_videos/imt_sdk_win_64/winavr/bin/../lib/gcc/avr/4.3.3/avr5\libgcc.a(_clear_bss.o)
 .bss           0x008001e0        0x0 c:/users/dell/onedrive/desktop/avr_nti_videos/imt_sdk_win_64/winavr/bin/../lib/gcc/avr/4.3.3/avr5\libgcc.a(_lshrdi3.o)
 .bss           0x008001e0        0x0 c:/users/dell/onedrive/desktop/avr_nti_videos/imt_sdk_win_64/winavr/bin/../lib/gcc/avr/4.3.3/avr5\libgcc.a(_ashldi3.o)
 .bss           0x008001e0        0x0 c:/users/dell/onedrive/desktop/avr_nti_videos/imt_sdk_win_64/winavr/bin/../lib/gcc/avr/4.3.3/avr5\libgcc.a(_fixunssfsi.o)
 .bss           0x008001e0        0x0 c:/users/dell/onedrive/desktop/avr_nti_videos/imt_sdk_win_64/winavr/bin/../lib/gcc/avr/4.3.3/avr5\libgcc.a(_addsub_sf.o)
 .bss           0x008001e0        0x0 c:/users/dell/onedrive/desktop/avr_nti_videos/imt_sdk_win_64/winavr/bin/../lib/gcc/avr/4.3.3/avr5\libgcc.a(_mul_sf.o)
 .bss           0x008001e0        0x0 c:/users/dell/onedrive/desktop/avr_nti_videos/imt_sdk_win_64/winavr/bin/../lib/gcc/avr/4.3.3/avr5\libgcc.a(_eq_sf.o)
 .bss           0x008001e0        0x0 c:/users/dell/onedrive/desktop/avr_nti_videos/imt_sdk_win_64/winavr/bin/../lib/gcc/avr/4.3.3/avr5\libgcc.a(_ne_sf.o)
 .bss           0x008001e0        0x0 c:/users/dell/onedrive/desktop/avr_nti_videos/imt_sdk_win_64/winavr/bin/../lib/gcc/avr/4.3.3/avr5\libgcc.a(_gt_sf.o)
 .bss           0x008001e0        0x0 c:/users/dell/onedrive/desktop/avr_nti_videos/imt_sdk_win_64/winavr/bin/../lib/gcc/avr/4.3.3/avr5\libgcc.a(_ge_sf.o)
 .bss           0x008001e0        0x0 c:/users/dell/onedrive/desktop/avr_nti_videos/imt_sdk_win_64/winavr/bin/../lib/gcc/avr/4.3.3/avr5\libgcc.a(_lt_sf.o)
 .bss           0x008001e0        0x0 c:/users/dell/onedrive/desktop/avr_nti_videos/imt_sdk_win_64/winavr/bin/../lib/gcc/avr/4.3.3/avr5\libgcc.a(_si_to_sf.o)
 .bss           0x008001e0        0x0 c:/users/dell/onedrive/desktop/avr_nti_videos/imt_sdk_win_64/winavr/bin/../lib/gcc/avr/4.3.3/avr5\libgcc.a(_sf_to_si.o)
 .bss           0x008001e0        0x0 c:/users/dell/onedrive/desktop/avr_nti_videos/imt_sdk_win_64/winavr/bin/../lib/gcc/avr/4.3.3/avr5\libgcc.a(_thenan_sf.o)
 .bss           0x008001e0        0x0 c:/users/dell/onedrive/desktop/avr_nti_videos/imt_sdk_win_64/winavr/bin/../lib/gcc/avr/4.3.3/avr5\libgcc.a(_usi_to_sf.o)
 .bss           0x008001e0        0x0 c:/users/dell/onedrive/desktop/avr_nti_videos/imt_sdk_win_64/winavr/bin/../lib/gcc/avr/4.3.3/avr5\libgcc.a(_udivmodsi4.o)
 .bss           0x008001e0        0x0 c:/users/dell/onedrive/desktop/avr_nti_videos/imt_sdk_win_64/winavr/bin/../lib/gcc/avr/4.3.3/avr5\libgcc.a(_prologue.o)
 .bss           0x008001e0        0x0 c:/users/dell/onedrive/desktop/avr_nti_videos/imt_sdk_win_64/winavr/bin/../lib/gcc/avr/4.3.3/avr5\libgcc.a(_epilogue.o)
 .bss           0x008001e0        0x0 c:/users/dell/onedrive/desktop/avr_nti_videos/imt_sdk_win_64/winavr/bin/../lib/gcc/avr/4.3.3/avr5\libgcc.a(_clzsi2.o)
 .bss           0x008001e0        0x0 c:/users/dell/onedrive/desktop/avr_nti_videos/imt_sdk_win_64/winavr/bin/../lib/gcc/avr/4.3.3/avr5\libgcc.a(_pack_sf.o)
 .bss           0x008001e0        0x0 c:/users/dell/onedrive/desktop/avr_nti_videos/imt_sdk_win_64/winavr/bin/../lib/gcc/avr/4.3.3/avr5\libgcc.a(_unpack_sf.o)
 .bss           0x008001e0        0x0 c:/users/dell/onedrive/desktop/avr_nti_videos/imt_sdk_win_64/winavr/bin/../lib/gcc/avr/4.3.3/avr5\libgcc.a(_fpcmp_parts_sf.o)
 .bss           0x008001e0        0x0 c:/users/dell/onedrive/desktop/avr_nti_videos/imt_sdk_win_64/winavr/bin/../lib/gcc/avr/4.3.3/avr5\libgcc.a(_clz.o)
 .bss           0x008001e0        0x0 c:/users/dell/onedrive/desktop/avr_nti_videos/imt_sdk_win_64/winavr/bin/../lib/gcc/avr/4.3.3/../../../../avr/lib/avr5\libc.a(strlen.o)
 *(.bss*)
 .bss.EXTI_CallBack
                0x008001e0        0x6 ./MCAL/EXTI/EXTI_prog.o
                0x008001e0                EXTI_CallBack
 .bss.ADC_pu16AsynchConversionResult
                0x008001e6        0x2 ./MCAL/ADC/ADC_prog.o
 .bss.ADC_pvidNotificationFunc
                0x008001e8        0x2 ./MCAL/ADC/ADC_prog.o
 .bss.Global_u8ADCState
                0x008001ea        0x1 ./MCAL/ADC/ADC_prog.o
 .bss.Global_u8ADCISRSource
                0x008001eb        0x1 ./MCAL/ADC/ADC_prog.o
 .bss.Global_pu8ADCChainChannel
                0x008001ec        0x2 ./MCAL/ADC/ADC_prog.o
 .bss.Global_u8ADCChainSize
                0x008001ee        0x1 ./MCAL/ADC/ADC_prog.o
 .bss.Global_u8ADCIndex
                0x008001ef        0x1 ./MCAL/ADC/ADC_prog.o
 .bss.Global_u8Flag
                0x008001f0        0x1 ./HAL/LCD/LCD_prog.o
                0x008001f0                Global_u8Flag
 .bss.Local_u64Check.1232
                0x008001f1        0x8 ./HAL/KeyPad/Keypad_prog.o
 .bss.Local_u8Iterator2.1328
                0x008001f9        0x1 ./HAL/KeyPad/Keypad_prog.o
 .bss.Local_u8Iterator1.1327
                0x008001fa        0x1 ./HAL/KeyPad/Keypad_prog.o
 .bss.flag      0x008001fb        0x1 ./APP/ADC_Test/ADC_Test.o
                0x008001fb                flag
 .bss.ADC16     0x008001fc        0x2 ./APP/ADC_Test/ADC_Test.o
                0x008001fc                ADC16
 *(COMMON)
 COMMON         0x008001fe        0x1 ./APP/ADC_Test/ADC_Test.o
                0x008001fe                Temp
                0x008001ff                PROVIDE (__bss_end, .)
                0x000061e6                __data_load_start = LOADADDR (.data)
                0x00006366                __data_load_end = (__data_load_start + SIZEOF (.data))

.noinit         0x008001ff        0x0
                0x008001ff                PROVIDE (__noinit_start, .)
 *(.noinit*)
                0x008001ff                PROVIDE (__noinit_end, .)
                0x008001ff                _end = .
                0x008001ff                PROVIDE (__heap_start, .)

.eeprom         0x00810000        0x0
 *(.eeprom*)
                0x00810000                __eeprom_end = .

.fuse
 *(.fuse)
 *(.lfuse)
 *(.hfuse)
 *(.efuse)

.lock
 *(.lock*)

.signature
 *(.signature*)

.stab           0x00000000     0x57fc
 *(.stab)
 .stab          0x00000000      0x210 ./MCAL/EXTI/GIE/GIE_prog.o
 .stab          0x00000210      0x1a4 ./MCAL/EXTI/EXTI_config.o
                                0x1b0 (size before relaxing)
 .stab          0x000003b4      0x7e0 ./MCAL/EXTI/EXTI_prog.o
                                0x894 (size before relaxing)
 .stab          0x00000b94      0x9d8 ./MCAL/DIO/DIO_prog.o
                                0x9e4 (size before relaxing)
 .stab          0x0000156c      0x948 ./MCAL/ADC/ADC_prog.o
                                0x954 (size before relaxing)
 .stab          0x00001eb4      0x1ec ./HAL/Switch/Switch_config.o
                                0x1f8 (size before relaxing)
 .stab          0x000020a0      0x2a0 ./HAL/Switch/Switch_prog.o
                                0x354 (size before relaxing)
 .stab          0x00002340      0x6d8 ./HAL/SevenSegment/SevenSegment_PreCompile/Seven_Segment_prog.o
                                0x6e4 (size before relaxing)
 .stab          0x00002a18      0x2e8 ./HAL/LM35/LM35_prog.o
                                0x2f4 (size before relaxing)
 .stab          0x00002d00      0x1d4 ./HAL/LED/LED_config.o
                                0x1e0 (size before relaxing)
 .stab          0x00002ed4      0x3f0 ./HAL/LED/LED_prog.o
                                0x4c8 (size before relaxing)
 .stab          0x000032c4     0x123c ./HAL/LCD/LCD_prog.o
                               0x1248 (size before relaxing)
 .stab          0x00004500      0x570 ./HAL/KeyPad/Keypad_prog.o
                                0x57c (size before relaxing)
 .stab          0x00004a70      0x8dc ./APP/EXIT_Test/EXIT_Test.o
                                0xa74 (size before relaxing)
 .stab          0x0000534c      0x330 ./APP/ADC_Test/ADC_Test.o
                                0x4c8 (size before relaxing)
 .stab          0x0000567c      0x180 ./APP/main.o
                                0x2b8 (size before relaxing)

.stabstr        0x00000000     0x2b69
 *(.stabstr)
 .stabstr       0x00000000     0x2b69 ./MCAL/EXTI/GIE/GIE_prog.o

.stab.excl
 *(.stab.excl)

.stab.exclstr
 *(.stab.exclstr)

.stab.index
 *(.stab.index)

.stab.indexstr
 *(.stab.indexstr)

.comment
 *(.comment)

.debug
 *(.debug)

.line
 *(.line)

.debug_srcinfo
 *(.debug_srcinfo)

.debug_sfnames
 *(.debug_sfnames)

.debug_aranges  0x00000000      0x220
 *(.debug_aranges)
 .debug_aranges
                0x00000000       0x20 c:/users/dell/onedrive/desktop/avr_nti_videos/imt_sdk_win_64/winavr/bin/../lib/gcc/avr/4.3.3/avr5\libgcc.a(_lshrdi3.o)
 .debug_aranges
                0x00000020       0x20 c:/users/dell/onedrive/desktop/avr_nti_videos/imt_sdk_win_64/winavr/bin/../lib/gcc/avr/4.3.3/avr5\libgcc.a(_ashldi3.o)
 .debug_aranges
                0x00000040       0x20 c:/users/dell/onedrive/desktop/avr_nti_videos/imt_sdk_win_64/winavr/bin/../lib/gcc/avr/4.3.3/avr5\libgcc.a(_fixunssfsi.o)
 .debug_aranges
                0x00000060       0x20 c:/users/dell/onedrive/desktop/avr_nti_videos/imt_sdk_win_64/winavr/bin/../lib/gcc/avr/4.3.3/avr5\libgcc.a(_addsub_sf.o)
 .debug_aranges
                0x00000080       0x20 c:/users/dell/onedrive/desktop/avr_nti_videos/imt_sdk_win_64/winavr/bin/../lib/gcc/avr/4.3.3/avr5\libgcc.a(_mul_sf.o)
 .debug_aranges
                0x000000a0       0x20 c:/users/dell/onedrive/desktop/avr_nti_videos/imt_sdk_win_64/winavr/bin/../lib/gcc/avr/4.3.3/avr5\libgcc.a(_eq_sf.o)
 .debug_aranges
                0x000000c0       0x20 c:/users/dell/onedrive/desktop/avr_nti_videos/imt_sdk_win_64/winavr/bin/../lib/gcc/avr/4.3.3/avr5\libgcc.a(_ne_sf.o)
 .debug_aranges
                0x000000e0       0x20 c:/users/dell/onedrive/desktop/avr_nti_videos/imt_sdk_win_64/winavr/bin/../lib/gcc/avr/4.3.3/avr5\libgcc.a(_gt_sf.o)
 .debug_aranges
                0x00000100       0x20 c:/users/dell/onedrive/desktop/avr_nti_videos/imt_sdk_win_64/winavr/bin/../lib/gcc/avr/4.3.3/avr5\libgcc.a(_ge_sf.o)
 .debug_aranges
                0x00000120       0x20 c:/users/dell/onedrive/desktop/avr_nti_videos/imt_sdk_win_64/winavr/bin/../lib/gcc/avr/4.3.3/avr5\libgcc.a(_lt_sf.o)
 .debug_aranges
                0x00000140       0x20 c:/users/dell/onedrive/desktop/avr_nti_videos/imt_sdk_win_64/winavr/bin/../lib/gcc/avr/4.3.3/avr5\libgcc.a(_si_to_sf.o)
 .debug_aranges
                0x00000160       0x20 c:/users/dell/onedrive/desktop/avr_nti_videos/imt_sdk_win_64/winavr/bin/../lib/gcc/avr/4.3.3/avr5\libgcc.a(_sf_to_si.o)
 .debug_aranges
                0x00000180       0x20 c:/users/dell/onedrive/desktop/avr_nti_videos/imt_sdk_win_64/winavr/bin/../lib/gcc/avr/4.3.3/avr5\libgcc.a(_usi_to_sf.o)
 .debug_aranges
                0x000001a0       0x20 c:/users/dell/onedrive/desktop/avr_nti_videos/imt_sdk_win_64/winavr/bin/../lib/gcc/avr/4.3.3/avr5\libgcc.a(_clzsi2.o)
 .debug_aranges
                0x000001c0       0x20 c:/users/dell/onedrive/desktop/avr_nti_videos/imt_sdk_win_64/winavr/bin/../lib/gcc/avr/4.3.3/avr5\libgcc.a(_pack_sf.o)
 .debug_aranges
                0x000001e0       0x20 c:/users/dell/onedrive/desktop/avr_nti_videos/imt_sdk_win_64/winavr/bin/../lib/gcc/avr/4.3.3/avr5\libgcc.a(_unpack_sf.o)
 .debug_aranges
                0x00000200       0x20 c:/users/dell/onedrive/desktop/avr_nti_videos/imt_sdk_win_64/winavr/bin/../lib/gcc/avr/4.3.3/avr5\libgcc.a(_fpcmp_parts_sf.o)

.debug_pubnames
                0x00000000      0x271
 *(.debug_pubnames)
 .debug_pubnames
                0x00000000       0x20 c:/users/dell/onedrive/desktop/avr_nti_videos/imt_sdk_win_64/winavr/bin/../lib/gcc/avr/4.3.3/avr5\libgcc.a(_lshrdi3.o)
 .debug_pubnames
                0x00000020       0x20 c:/users/dell/onedrive/desktop/avr_nti_videos/imt_sdk_win_64/winavr/bin/../lib/gcc/avr/4.3.3/avr5\libgcc.a(_ashldi3.o)
 .debug_pubnames
                0x00000040       0x23 c:/users/dell/onedrive/desktop/avr_nti_videos/imt_sdk_win_64/winavr/bin/../lib/gcc/avr/4.3.3/avr5\libgcc.a(_fixunssfsi.o)
 .debug_pubnames
                0x00000063       0x2c c:/users/dell/onedrive/desktop/avr_nti_videos/imt_sdk_win_64/winavr/bin/../lib/gcc/avr/4.3.3/avr5\libgcc.a(_addsub_sf.o)
 .debug_pubnames
                0x0000008f       0x1f c:/users/dell/onedrive/desktop/avr_nti_videos/imt_sdk_win_64/winavr/bin/../lib/gcc/avr/4.3.3/avr5\libgcc.a(_mul_sf.o)
 .debug_pubnames
                0x000000ae       0x1e c:/users/dell/onedrive/desktop/avr_nti_videos/imt_sdk_win_64/winavr/bin/../lib/gcc/avr/4.3.3/avr5\libgcc.a(_eq_sf.o)
 .debug_pubnames
                0x000000cc       0x1e c:/users/dell/onedrive/desktop/avr_nti_videos/imt_sdk_win_64/winavr/bin/../lib/gcc/avr/4.3.3/avr5\libgcc.a(_ne_sf.o)
 .debug_pubnames
                0x000000ea       0x1e c:/users/dell/onedrive/desktop/avr_nti_videos/imt_sdk_win_64/winavr/bin/../lib/gcc/avr/4.3.3/avr5\libgcc.a(_gt_sf.o)
 .debug_pubnames
                0x00000108       0x1e c:/users/dell/onedrive/desktop/avr_nti_videos/imt_sdk_win_64/winavr/bin/../lib/gcc/avr/4.3.3/avr5\libgcc.a(_ge_sf.o)
 .debug_pubnames
                0x00000126       0x1e c:/users/dell/onedrive/desktop/avr_nti_videos/imt_sdk_win_64/winavr/bin/../lib/gcc/avr/4.3.3/avr5\libgcc.a(_lt_sf.o)
 .debug_pubnames
                0x00000144       0x22 c:/users/dell/onedrive/desktop/avr_nti_videos/imt_sdk_win_64/winavr/bin/../lib/gcc/avr/4.3.3/avr5\libgcc.a(_si_to_sf.o)
 .debug_pubnames
                0x00000166       0x20 c:/users/dell/onedrive/desktop/avr_nti_videos/imt_sdk_win_64/winavr/bin/../lib/gcc/avr/4.3.3/avr5\libgcc.a(_sf_to_si.o)
 .debug_pubnames
                0x00000186       0x22 c:/users/dell/onedrive/desktop/avr_nti_videos/imt_sdk_win_64/winavr/bin/../lib/gcc/avr/4.3.3/avr5\libgcc.a(_thenan_sf.o)
 .debug_pubnames
                0x000001a8       0x24 c:/users/dell/onedrive/desktop/avr_nti_videos/imt_sdk_win_64/winavr/bin/../lib/gcc/avr/4.3.3/avr5\libgcc.a(_usi_to_sf.o)
 .debug_pubnames
                0x000001cc       0x1f c:/users/dell/onedrive/desktop/avr_nti_videos/imt_sdk_win_64/winavr/bin/../lib/gcc/avr/4.3.3/avr5\libgcc.a(_clzsi2.o)
 .debug_pubnames
                0x000001eb       0x1f c:/users/dell/onedrive/desktop/avr_nti_videos/imt_sdk_win_64/winavr/bin/../lib/gcc/avr/4.3.3/avr5\libgcc.a(_pack_sf.o)
 .debug_pubnames
                0x0000020a       0x21 c:/users/dell/onedrive/desktop/avr_nti_videos/imt_sdk_win_64/winavr/bin/../lib/gcc/avr/4.3.3/avr5\libgcc.a(_unpack_sf.o)
 .debug_pubnames
                0x0000022b       0x26 c:/users/dell/onedrive/desktop/avr_nti_videos/imt_sdk_win_64/winavr/bin/../lib/gcc/avr/4.3.3/avr5\libgcc.a(_fpcmp_parts_sf.o)
 .debug_pubnames
                0x00000251       0x20 c:/users/dell/onedrive/desktop/avr_nti_videos/imt_sdk_win_64/winavr/bin/../lib/gcc/avr/4.3.3/avr5\libgcc.a(_clz.o)

.debug_info     0x00000000     0x2a12
 *(.debug_info)
 .debug_info    0x00000000      0x17f c:/users/dell/onedrive/desktop/avr_nti_videos/imt_sdk_win_64/winavr/bin/../lib/gcc/avr/4.3.3/avr5\libgcc.a(_lshrdi3.o)
 .debug_info    0x0000017f      0x17f c:/users/dell/onedrive/desktop/avr_nti_videos/imt_sdk_win_64/winavr/bin/../lib/gcc/avr/4.3.3/avr5\libgcc.a(_ashldi3.o)
 .debug_info    0x000002fe       0xb1 c:/users/dell/onedrive/desktop/avr_nti_videos/imt_sdk_win_64/winavr/bin/../lib/gcc/avr/4.3.3/avr5\libgcc.a(_fixunssfsi.o)
 .debug_info    0x000003af      0x47a c:/users/dell/onedrive/desktop/avr_nti_videos/imt_sdk_win_64/winavr/bin/../lib/gcc/avr/4.3.3/avr5\libgcc.a(_addsub_sf.o)
 .debug_info    0x00000829      0x485 c:/users/dell/onedrive/desktop/avr_nti_videos/imt_sdk_win_64/winavr/bin/../lib/gcc/avr/4.3.3/avr5\libgcc.a(_mul_sf.o)
 .debug_info    0x00000cae      0x27f c:/users/dell/onedrive/desktop/avr_nti_videos/imt_sdk_win_64/winavr/bin/../lib/gcc/avr/4.3.3/avr5\libgcc.a(_eq_sf.o)
 .debug_info    0x00000f2d      0x27f c:/users/dell/onedrive/desktop/avr_nti_videos/imt_sdk_win_64/winavr/bin/../lib/gcc/avr/4.3.3/avr5\libgcc.a(_ne_sf.o)
 .debug_info    0x000011ac      0x27f c:/users/dell/onedrive/desktop/avr_nti_videos/imt_sdk_win_64/winavr/bin/../lib/gcc/avr/4.3.3/avr5\libgcc.a(_gt_sf.o)
 .debug_info    0x0000142b      0x27f c:/users/dell/onedrive/desktop/avr_nti_videos/imt_sdk_win_64/winavr/bin/../lib/gcc/avr/4.3.3/avr5\libgcc.a(_ge_sf.o)
 .debug_info    0x000016aa      0x27f c:/users/dell/onedrive/desktop/avr_nti_videos/imt_sdk_win_64/winavr/bin/../lib/gcc/avr/4.3.3/avr5\libgcc.a(_lt_sf.o)
 .debug_info    0x00001929      0x207 c:/users/dell/onedrive/desktop/avr_nti_videos/imt_sdk_win_64/winavr/bin/../lib/gcc/avr/4.3.3/avr5\libgcc.a(_si_to_sf.o)
 .debug_info    0x00001b30      0x2b0 c:/users/dell/onedrive/desktop/avr_nti_videos/imt_sdk_win_64/winavr/bin/../lib/gcc/avr/4.3.3/avr5\libgcc.a(_sf_to_si.o)
 .debug_info    0x00001de0      0x12c c:/users/dell/onedrive/desktop/avr_nti_videos/imt_sdk_win_64/winavr/bin/../lib/gcc/avr/4.3.3/avr5\libgcc.a(_thenan_sf.o)
 .debug_info    0x00001f0c      0x206 c:/users/dell/onedrive/desktop/avr_nti_videos/imt_sdk_win_64/winavr/bin/../lib/gcc/avr/4.3.3/avr5\libgcc.a(_usi_to_sf.o)
 .debug_info    0x00002112      0x117 c:/users/dell/onedrive/desktop/avr_nti_videos/imt_sdk_win_64/winavr/bin/../lib/gcc/avr/4.3.3/avr5\libgcc.a(_clzsi2.o)
 .debug_info    0x00002229      0x2df c:/users/dell/onedrive/desktop/avr_nti_videos/imt_sdk_win_64/winavr/bin/../lib/gcc/avr/4.3.3/avr5\libgcc.a(_pack_sf.o)
 .debug_info    0x00002508      0x251 c:/users/dell/onedrive/desktop/avr_nti_videos/imt_sdk_win_64/winavr/bin/../lib/gcc/avr/4.3.3/avr5\libgcc.a(_unpack_sf.o)
 .debug_info    0x00002759      0x210 c:/users/dell/onedrive/desktop/avr_nti_videos/imt_sdk_win_64/winavr/bin/../lib/gcc/avr/4.3.3/avr5\libgcc.a(_fpcmp_parts_sf.o)
 .debug_info    0x00002969       0xa9 c:/users/dell/onedrive/desktop/avr_nti_videos/imt_sdk_win_64/winavr/bin/../lib/gcc/avr/4.3.3/avr5\libgcc.a(_clz.o)
 *(.gnu.linkonce.wi.*)

.debug_abbrev   0x00000000     0x1748
 *(.debug_abbrev)
 .debug_abbrev  0x00000000       0xee c:/users/dell/onedrive/desktop/avr_nti_videos/imt_sdk_win_64/winavr/bin/../lib/gcc/avr/4.3.3/avr5\libgcc.a(_lshrdi3.o)
 .debug_abbrev  0x000000ee       0xee c:/users/dell/onedrive/desktop/avr_nti_videos/imt_sdk_win_64/winavr/bin/../lib/gcc/avr/4.3.3/avr5\libgcc.a(_ashldi3.o)
 .debug_abbrev  0x000001dc       0x5d c:/users/dell/onedrive/desktop/avr_nti_videos/imt_sdk_win_64/winavr/bin/../lib/gcc/avr/4.3.3/avr5\libgcc.a(_fixunssfsi.o)
 .debug_abbrev  0x00000239      0x1ea c:/users/dell/onedrive/desktop/avr_nti_videos/imt_sdk_win_64/winavr/bin/../lib/gcc/avr/4.3.3/avr5\libgcc.a(_addsub_sf.o)
 .debug_abbrev  0x00000423      0x21b c:/users/dell/onedrive/desktop/avr_nti_videos/imt_sdk_win_64/winavr/bin/../lib/gcc/avr/4.3.3/avr5\libgcc.a(_mul_sf.o)
 .debug_abbrev  0x0000063e      0x15a c:/users/dell/onedrive/desktop/avr_nti_videos/imt_sdk_win_64/winavr/bin/../lib/gcc/avr/4.3.3/avr5\libgcc.a(_eq_sf.o)
 .debug_abbrev  0x00000798      0x15a c:/users/dell/onedrive/desktop/avr_nti_videos/imt_sdk_win_64/winavr/bin/../lib/gcc/avr/4.3.3/avr5\libgcc.a(_ne_sf.o)
 .debug_abbrev  0x000008f2      0x15a c:/users/dell/onedrive/desktop/avr_nti_videos/imt_sdk_win_64/winavr/bin/../lib/gcc/avr/4.3.3/avr5\libgcc.a(_gt_sf.o)
 .debug_abbrev  0x00000a4c      0x15a c:/users/dell/onedrive/desktop/avr_nti_videos/imt_sdk_win_64/winavr/bin/../lib/gcc/avr/4.3.3/avr5\libgcc.a(_ge_sf.o)
 .debug_abbrev  0x00000ba6      0x15a c:/users/dell/onedrive/desktop/avr_nti_videos/imt_sdk_win_64/winavr/bin/../lib/gcc/avr/4.3.3/avr5\libgcc.a(_lt_sf.o)
 .debug_abbrev  0x00000d00      0x148 c:/users/dell/onedrive/desktop/avr_nti_videos/imt_sdk_win_64/winavr/bin/../lib/gcc/avr/4.3.3/avr5\libgcc.a(_si_to_sf.o)
 .debug_abbrev  0x00000e48      0x17f c:/users/dell/onedrive/desktop/avr_nti_videos/imt_sdk_win_64/winavr/bin/../lib/gcc/avr/4.3.3/avr5\libgcc.a(_sf_to_si.o)
 .debug_abbrev  0x00000fc7       0xad c:/users/dell/onedrive/desktop/avr_nti_videos/imt_sdk_win_64/winavr/bin/../lib/gcc/avr/4.3.3/avr5\libgcc.a(_thenan_sf.o)
 .debug_abbrev  0x00001074      0x157 c:/users/dell/onedrive/desktop/avr_nti_videos/imt_sdk_win_64/winavr/bin/../lib/gcc/avr/4.3.3/avr5\libgcc.a(_usi_to_sf.o)
 .debug_abbrev  0x000011cb       0xc4 c:/users/dell/onedrive/desktop/avr_nti_videos/imt_sdk_win_64/winavr/bin/../lib/gcc/avr/4.3.3/avr5\libgcc.a(_clzsi2.o)
 .debug_abbrev  0x0000128f      0x1c0 c:/users/dell/onedrive/desktop/avr_nti_videos/imt_sdk_win_64/winavr/bin/../lib/gcc/avr/4.3.3/avr5\libgcc.a(_pack_sf.o)
 .debug_abbrev  0x0000144f      0x154 c:/users/dell/onedrive/desktop/avr_nti_videos/imt_sdk_win_64/winavr/bin/../lib/gcc/avr/4.3.3/avr5\libgcc.a(_unpack_sf.o)
 .debug_abbrev  0x000015a3      0x13b c:/users/dell/onedrive/desktop/avr_nti_videos/imt_sdk_win_64/winavr/bin/../lib/gcc/avr/4.3.3/avr5\libgcc.a(_fpcmp_parts_sf.o)
 .debug_abbrev  0x000016de       0x6a c:/users/dell/onedrive/desktop/avr_nti_videos/imt_sdk_win_64/winavr/bin/../lib/gcc/avr/4.3.3/avr5\libgcc.a(_clz.o)

.debug_line     0x00000000     0x148a
 *(.debug_line)
 .debug_line    0x00000000       0xd7 c:/users/dell/onedrive/desktop/avr_nti_videos/imt_sdk_win_64/winavr/bin/../lib/gcc/avr/4.3.3/avr5\libgcc.a(_lshrdi3.o)
 .debug_line    0x000000d7       0xd7 c:/users/dell/onedrive/desktop/avr_nti_videos/imt_sdk_win_64/winavr/bin/../lib/gcc/avr/4.3.3/avr5\libgcc.a(_ashldi3.o)
 .debug_line    0x000001ae       0xa7 c:/users/dell/onedrive/desktop/avr_nti_videos/imt_sdk_win_64/winavr/bin/../lib/gcc/avr/4.3.3/avr5\libgcc.a(_fixunssfsi.o)
 .debug_line    0x00000255      0x2af c:/users/dell/onedrive/desktop/avr_nti_videos/imt_sdk_win_64/winavr/bin/../lib/gcc/avr/4.3.3/avr5\libgcc.a(_addsub_sf.o)
 .debug_line    0x00000504      0x239 c:/users/dell/onedrive/desktop/avr_nti_videos/imt_sdk_win_64/winavr/bin/../lib/gcc/avr/4.3.3/avr5\libgcc.a(_mul_sf.o)
 .debug_line    0x0000073d       0xd3 c:/users/dell/onedrive/desktop/avr_nti_videos/imt_sdk_win_64/winavr/bin/../lib/gcc/avr/4.3.3/avr5\libgcc.a(_eq_sf.o)
 .debug_line    0x00000810       0xd3 c:/users/dell/onedrive/desktop/avr_nti_videos/imt_sdk_win_64/winavr/bin/../lib/gcc/avr/4.3.3/avr5\libgcc.a(_ne_sf.o)
 .debug_line    0x000008e3       0xd3 c:/users/dell/onedrive/desktop/avr_nti_videos/imt_sdk_win_64/winavr/bin/../lib/gcc/avr/4.3.3/avr5\libgcc.a(_gt_sf.o)
 .debug_line    0x000009b6       0xd3 c:/users/dell/onedrive/desktop/avr_nti_videos/imt_sdk_win_64/winavr/bin/../lib/gcc/avr/4.3.3/avr5\libgcc.a(_ge_sf.o)
 .debug_line    0x00000a89       0xd3 c:/users/dell/onedrive/desktop/avr_nti_videos/imt_sdk_win_64/winavr/bin/../lib/gcc/avr/4.3.3/avr5\libgcc.a(_lt_sf.o)
 .debug_line    0x00000b5c      0x135 c:/users/dell/onedrive/desktop/avr_nti_videos/imt_sdk_win_64/winavr/bin/../lib/gcc/avr/4.3.3/avr5\libgcc.a(_si_to_sf.o)
 .debug_line    0x00000c91      0x109 c:/users/dell/onedrive/desktop/avr_nti_videos/imt_sdk_win_64/winavr/bin/../lib/gcc/avr/4.3.3/avr5\libgcc.a(_sf_to_si.o)
 .debug_line    0x00000d9a       0x90 c:/users/dell/onedrive/desktop/avr_nti_videos/imt_sdk_win_64/winavr/bin/../lib/gcc/avr/4.3.3/avr5\libgcc.a(_thenan_sf.o)
 .debug_line    0x00000e2a      0x133 c:/users/dell/onedrive/desktop/avr_nti_videos/imt_sdk_win_64/winavr/bin/../lib/gcc/avr/4.3.3/avr5\libgcc.a(_usi_to_sf.o)
 .debug_line    0x00000f5d       0xa5 c:/users/dell/onedrive/desktop/avr_nti_videos/imt_sdk_win_64/winavr/bin/../lib/gcc/avr/4.3.3/avr5\libgcc.a(_clzsi2.o)
 .debug_line    0x00001002      0x18a c:/users/dell/onedrive/desktop/avr_nti_videos/imt_sdk_win_64/winavr/bin/../lib/gcc/avr/4.3.3/avr5\libgcc.a(_pack_sf.o)
 .debug_line    0x0000118c      0x14b c:/users/dell/onedrive/desktop/avr_nti_videos/imt_sdk_win_64/winavr/bin/../lib/gcc/avr/4.3.3/avr5\libgcc.a(_unpack_sf.o)
 .debug_line    0x000012d7      0x137 c:/users/dell/onedrive/desktop/avr_nti_videos/imt_sdk_win_64/winavr/bin/../lib/gcc/avr/4.3.3/avr5\libgcc.a(_fpcmp_parts_sf.o)
 .debug_line    0x0000140e       0x7c c:/users/dell/onedrive/desktop/avr_nti_videos/imt_sdk_win_64/winavr/bin/../lib/gcc/avr/4.3.3/avr5\libgcc.a(_clz.o)

.debug_frame    0x00000000      0x240
 *(.debug_frame)
 .debug_frame   0x00000000       0x20 c:/users/dell/onedrive/desktop/avr_nti_videos/imt_sdk_win_64/winavr/bin/../lib/gcc/avr/4.3.3/avr5\libgcc.a(_lshrdi3.o)
 .debug_frame   0x00000020       0x20 c:/users/dell/onedrive/desktop/avr_nti_videos/imt_sdk_win_64/winavr/bin/../lib/gcc/avr/4.3.3/avr5\libgcc.a(_ashldi3.o)
 .debug_frame   0x00000040       0x20 c:/users/dell/onedrive/desktop/avr_nti_videos/imt_sdk_win_64/winavr/bin/../lib/gcc/avr/4.3.3/avr5\libgcc.a(_fixunssfsi.o)
 .debug_frame   0x00000060       0x40 c:/users/dell/onedrive/desktop/avr_nti_videos/imt_sdk_win_64/winavr/bin/../lib/gcc/avr/4.3.3/avr5\libgcc.a(_addsub_sf.o)
 .debug_frame   0x000000a0       0x20 c:/users/dell/onedrive/desktop/avr_nti_videos/imt_sdk_win_64/winavr/bin/../lib/gcc/avr/4.3.3/avr5\libgcc.a(_mul_sf.o)
 .debug_frame   0x000000c0       0x20 c:/users/dell/onedrive/desktop/avr_nti_videos/imt_sdk_win_64/winavr/bin/../lib/gcc/avr/4.3.3/avr5\libgcc.a(_eq_sf.o)
 .debug_frame   0x000000e0       0x20 c:/users/dell/onedrive/desktop/avr_nti_videos/imt_sdk_win_64/winavr/bin/../lib/gcc/avr/4.3.3/avr5\libgcc.a(_ne_sf.o)
 .debug_frame   0x00000100       0x20 c:/users/dell/onedrive/desktop/avr_nti_videos/imt_sdk_win_64/winavr/bin/../lib/gcc/avr/4.3.3/avr5\libgcc.a(_gt_sf.o)
 .debug_frame   0x00000120       0x20 c:/users/dell/onedrive/desktop/avr_nti_videos/imt_sdk_win_64/winavr/bin/../lib/gcc/avr/4.3.3/avr5\libgcc.a(_ge_sf.o)
 .debug_frame   0x00000140       0x20 c:/users/dell/onedrive/desktop/avr_nti_videos/imt_sdk_win_64/winavr/bin/../lib/gcc/avr/4.3.3/avr5\libgcc.a(_lt_sf.o)
 .debug_frame   0x00000160       0x20 c:/users/dell/onedrive/desktop/avr_nti_videos/imt_sdk_win_64/winavr/bin/../lib/gcc/avr/4.3.3/avr5\libgcc.a(_si_to_sf.o)
 .debug_frame   0x00000180       0x20 c:/users/dell/onedrive/desktop/avr_nti_videos/imt_sdk_win_64/winavr/bin/../lib/gcc/avr/4.3.3/avr5\libgcc.a(_sf_to_si.o)
 .debug_frame   0x000001a0       0x20 c:/users/dell/onedrive/desktop/avr_nti_videos/imt_sdk_win_64/winavr/bin/../lib/gcc/avr/4.3.3/avr5\libgcc.a(_usi_to_sf.o)
 .debug_frame   0x000001c0       0x20 c:/users/dell/onedrive/desktop/avr_nti_videos/imt_sdk_win_64/winavr/bin/../lib/gcc/avr/4.3.3/avr5\libgcc.a(_clzsi2.o)
 .debug_frame   0x000001e0       0x20 c:/users/dell/onedrive/desktop/avr_nti_videos/imt_sdk_win_64/winavr/bin/../lib/gcc/avr/4.3.3/avr5\libgcc.a(_pack_sf.o)
 .debug_frame   0x00000200       0x20 c:/users/dell/onedrive/desktop/avr_nti_videos/imt_sdk_win_64/winavr/bin/../lib/gcc/avr/4.3.3/avr5\libgcc.a(_unpack_sf.o)
 .debug_frame   0x00000220       0x20 c:/users/dell/onedrive/desktop/avr_nti_videos/imt_sdk_win_64/winavr/bin/../lib/gcc/avr/4.3.3/avr5\libgcc.a(_fpcmp_parts_sf.o)

.debug_str      0x00000000      0x327
 *(.debug_str)
 .debug_str     0x00000000       0xe6 c:/users/dell/onedrive/desktop/avr_nti_videos/imt_sdk_win_64/winavr/bin/../lib/gcc/avr/4.3.3/avr5\libgcc.a(_lshrdi3.o)
                                0x131 (size before relaxing)
 .debug_str     0x000000e6        0xa c:/users/dell/onedrive/desktop/avr_nti_videos/imt_sdk_win_64/winavr/bin/../lib/gcc/avr/4.3.3/avr5\libgcc.a(_ashldi3.o)
                                0x131 (size before relaxing)
 .debug_str     0x000000f0       0x14 c:/users/dell/onedrive/desktop/avr_nti_videos/imt_sdk_win_64/winavr/bin/../lib/gcc/avr/4.3.3/avr5\libgcc.a(_fixunssfsi.o)
                                 0xfe (size before relaxing)
 .debug_str     0x00000104      0x14d c:/users/dell/onedrive/desktop/avr_nti_videos/imt_sdk_win_64/winavr/bin/../lib/gcc/avr/4.3.3/avr5\libgcc.a(_addsub_sf.o)
                                0x206 (size before relaxing)
 .debug_str     0x00000251       0x27 c:/users/dell/onedrive/desktop/avr_nti_videos/imt_sdk_win_64/winavr/bin/../lib/gcc/avr/4.3.3/avr5\libgcc.a(_mul_sf.o)
                                0x1bf (size before relaxing)
 .debug_str     0x00000278        0x8 c:/users/dell/onedrive/desktop/avr_nti_videos/imt_sdk_win_64/winavr/bin/../lib/gcc/avr/4.3.3/avr5\libgcc.a(_eq_sf.o)
                                0x195 (size before relaxing)
 .debug_str     0x00000280        0x8 c:/users/dell/onedrive/desktop/avr_nti_videos/imt_sdk_win_64/winavr/bin/../lib/gcc/avr/4.3.3/avr5\libgcc.a(_ne_sf.o)
                                0x195 (size before relaxing)
 .debug_str     0x00000288        0x8 c:/users/dell/onedrive/desktop/avr_nti_videos/imt_sdk_win_64/winavr/bin/../lib/gcc/avr/4.3.3/avr5\libgcc.a(_gt_sf.o)
                                0x195 (size before relaxing)
 .debug_str     0x00000290        0x8 c:/users/dell/onedrive/desktop/avr_nti_videos/imt_sdk_win_64/winavr/bin/../lib/gcc/avr/4.3.3/avr5\libgcc.a(_ge_sf.o)
                                0x195 (size before relaxing)
 .debug_str     0x00000298        0x8 c:/users/dell/onedrive/desktop/avr_nti_videos/imt_sdk_win_64/winavr/bin/../lib/gcc/avr/4.3.3/avr5\libgcc.a(_lt_sf.o)
                                0x195 (size before relaxing)
 .debug_str     0x000002a0       0x1e c:/users/dell/onedrive/desktop/avr_nti_videos/imt_sdk_win_64/winavr/bin/../lib/gcc/avr/4.3.3/avr5\libgcc.a(_si_to_sf.o)
                                0x17b (size before relaxing)
 .debug_str     0x000002be        0xa c:/users/dell/onedrive/desktop/avr_nti_videos/imt_sdk_win_64/winavr/bin/../lib/gcc/avr/4.3.3/avr5\libgcc.a(_sf_to_si.o)
                                0x19e (size before relaxing)
 .debug_str     0x00000000      0x103 c:/users/dell/onedrive/desktop/avr_nti_videos/imt_sdk_win_64/winavr/bin/../lib/gcc/avr/4.3.3/avr5\libgcc.a(_thenan_sf.o)
 .debug_str     0x000002c8       0x14 c:/users/dell/onedrive/desktop/avr_nti_videos/imt_sdk_win_64/winavr/bin/../lib/gcc/avr/4.3.3/avr5\libgcc.a(_usi_to_sf.o)
                                0x177 (size before relaxing)
 .debug_str     0x000002dc       0x20 c:/users/dell/onedrive/desktop/avr_nti_videos/imt_sdk_win_64/winavr/bin/../lib/gcc/avr/4.3.3/avr5\libgcc.a(_clzsi2.o)
                                0x111 (size before relaxing)
 .debug_str     0x000002fc       0x10 c:/users/dell/onedrive/desktop/avr_nti_videos/imt_sdk_win_64/winavr/bin/../lib/gcc/avr/4.3.3/avr5\libgcc.a(_pack_sf.o)
                                0x19d (size before relaxing)
 .debug_str     0x0000030c        0xb c:/users/dell/onedrive/desktop/avr_nti_videos/imt_sdk_win_64/winavr/bin/../lib/gcc/avr/4.3.3/avr5\libgcc.a(_unpack_sf.o)
                                0x17f (size before relaxing)
 .debug_str     0x00000317       0x10 c:/users/dell/onedrive/desktop/avr_nti_videos/imt_sdk_win_64/winavr/bin/../lib/gcc/avr/4.3.3/avr5\libgcc.a(_fpcmp_parts_sf.o)
                                0x163 (size before relaxing)
 .debug_str     0x00000000       0xf4 c:/users/dell/onedrive/desktop/avr_nti_videos/imt_sdk_win_64/winavr/bin/../lib/gcc/avr/4.3.3/avr5\libgcc.a(_clz.o)

.debug_loc      0x00000000      0xbc2
 *(.debug_loc)
 .debug_loc     0x00000000       0xf8 c:/users/dell/onedrive/desktop/avr_nti_videos/imt_sdk_win_64/winavr/bin/../lib/gcc/avr/4.3.3/avr5\libgcc.a(_lshrdi3.o)
 .debug_loc     0x000000f8       0xf8 c:/users/dell/onedrive/desktop/avr_nti_videos/imt_sdk_win_64/winavr/bin/../lib/gcc/avr/4.3.3/avr5\libgcc.a(_ashldi3.o)
 .debug_loc     0x000001f0       0x34 c:/users/dell/onedrive/desktop/avr_nti_videos/imt_sdk_win_64/winavr/bin/../lib/gcc/avr/4.3.3/avr5\libgcc.a(_fixunssfsi.o)
 .debug_loc     0x00000224      0x32a c:/users/dell/onedrive/desktop/avr_nti_videos/imt_sdk_win_64/winavr/bin/../lib/gcc/avr/4.3.3/avr5\libgcc.a(_addsub_sf.o)
 .debug_loc     0x0000054e      0x104 c:/users/dell/onedrive/desktop/avr_nti_videos/imt_sdk_win_64/winavr/bin/../lib/gcc/avr/4.3.3/avr5\libgcc.a(_mul_sf.o)
 .debug_loc     0x00000652       0x3c c:/users/dell/onedrive/desktop/avr_nti_videos/imt_sdk_win_64/winavr/bin/../lib/gcc/avr/4.3.3/avr5\libgcc.a(_eq_sf.o)
 .debug_loc     0x0000068e       0x3c c:/users/dell/onedrive/desktop/avr_nti_videos/imt_sdk_win_64/winavr/bin/../lib/gcc/avr/4.3.3/avr5\libgcc.a(_ne_sf.o)
 .debug_loc     0x000006ca       0x3c c:/users/dell/onedrive/desktop/avr_nti_videos/imt_sdk_win_64/winavr/bin/../lib/gcc/avr/4.3.3/avr5\libgcc.a(_gt_sf.o)
 .debug_loc     0x00000706       0x3c c:/users/dell/onedrive/desktop/avr_nti_videos/imt_sdk_win_64/winavr/bin/../lib/gcc/avr/4.3.3/avr5\libgcc.a(_ge_sf.o)
 .debug_loc     0x00000742       0x3c c:/users/dell/onedrive/desktop/avr_nti_videos/imt_sdk_win_64/winavr/bin/../lib/gcc/avr/4.3.3/avr5\libgcc.a(_lt_sf.o)
 .debug_loc     0x0000077e       0xac c:/users/dell/onedrive/desktop/avr_nti_videos/imt_sdk_win_64/winavr/bin/../lib/gcc/avr/4.3.3/avr5\libgcc.a(_si_to_sf.o)
 .debug_loc     0x0000082a       0x7e c:/users/dell/onedrive/desktop/avr_nti_videos/imt_sdk_win_64/winavr/bin/../lib/gcc/avr/4.3.3/avr5\libgcc.a(_sf_to_si.o)
 .debug_loc     0x000008a8       0x4c c:/users/dell/onedrive/desktop/avr_nti_videos/imt_sdk_win_64/winavr/bin/../lib/gcc/avr/4.3.3/avr5\libgcc.a(_usi_to_sf.o)
 .debug_loc     0x000008f4       0x94 c:/users/dell/onedrive/desktop/avr_nti_videos/imt_sdk_win_64/winavr/bin/../lib/gcc/avr/4.3.3/avr5\libgcc.a(_clzsi2.o)
 .debug_loc     0x00000988      0x13e c:/users/dell/onedrive/desktop/avr_nti_videos/imt_sdk_win_64/winavr/bin/../lib/gcc/avr/4.3.3/avr5\libgcc.a(_pack_sf.o)
 .debug_loc     0x00000ac6       0xac c:/users/dell/onedrive/desktop/avr_nti_videos/imt_sdk_win_64/winavr/bin/../lib/gcc/avr/4.3.3/avr5\libgcc.a(_unpack_sf.o)
 .debug_loc     0x00000b72       0x50 c:/users/dell/onedrive/desktop/avr_nti_videos/imt_sdk_win_64/winavr/bin/../lib/gcc/avr/4.3.3/avr5\libgcc.a(_fpcmp_parts_sf.o)

.debug_macinfo
 *(.debug_macinfo)
OUTPUT(ATMega32_Drivers.elf elf32-avr)
LOAD linker stubs

.debug_ranges   0x00000000       0x50
 .debug_ranges  0x00000000       0x50 c:/users/dell/onedrive/desktop/avr_nti_videos/imt_sdk_win_64/winavr/bin/../lib/gcc/avr/4.3.3/avr5\libgcc.a(_mul_sf.o)
